== Optimized simulation (option2) ==
1000 tasks, 70% IO / 30% CPU, 8 workers, cap 100%
DISPATCH kind=Io cpu_running=0 io_q=0 cpu_q=0 cpu%=10 busy=1
DISPATCH kind=Io cpu_running=0 io_q=0 cpu_q=0 cpu%=20 busy=2
DISPATCH kind=Io cpu_running=0 io_q=0 cpu_q=0 cpu%=30 busy=3
DISPATCH kind=Io cpu_running=0 io_q=0 cpu_q=0 cpu%=40 busy=4
DISPATCH kind=Io cpu_running=0 io_q=0 cpu_q=0 cpu%=50 busy=5
DISPATCH kind=Cpu cpu_running=1 io_q=0 cpu_q=0 cpu%=85 busy=6
DISPATCH kind=Io cpu_running=1 io_q=0 cpu_q=0 cpu%=95 busy=7
DISPATCH kind=Io cpu_running=1 io_q=1 cpu_q=2 cpu%=95 busy=7
DISPATCH kind=Cpu cpu_running=2 io_q=3 cpu_q=1 cpu%=100 busy=5
DISPATCH kind=Io cpu_running=2 io_q=3 cpu_q=1 cpu%=100 busy=5
DISPATCH kind=Io cpu_running=1 io_q=3 cpu_q=1 cpu%=75 busy=5
DISPATCH kind=Cpu cpu_running=2 io_q=4 cpu_q=0 cpu%=100 busy=5
DISPATCH kind=Io cpu_running=2 io_q=4 cpu_q=3 cpu%=100 busy=5
DISPATCH kind=Io cpu_running=1 io_q=6 cpu_q=3 cpu%=75 busy=5
DISPATCH kind=Cpu cpu_running=2 io_q=7 cpu_q=2 cpu%=100 busy=5
DISPATCH kind=Io cpu_running=2 io_q=7 cpu_q=2 cpu%=100 busy=5
DISPATCH kind=Io cpu_running=1 io_q=7 cpu_q=2 cpu%=75 busy=5
DISPATCH kind=Cpu cpu_running=2 io_q=11 cpu_q=1 cpu%=100 busy=5
DISPATCH kind=Io cpu_running=2 io_q=12 cpu_q=2 cpu%=100 busy=5
DISPATCH kind=Io cpu_running=1 io_q=12 cpu_q=2 cpu%=75 busy=5
DISPATCH kind=Io cpu_running=1 io_q=11 cpu_q=2 cpu%=85 busy=6
DISPATCH kind=Io cpu_running=1 io_q=10 cpu_q=2 cpu%=95 busy=7
DISPATCH kind=Io cpu_running=1 io_q=9 cpu_q=3 cpu%=95 busy=7
DISPATCH kind=Cpu cpu_running=1 io_q=12 cpu_q=4 cpu%=85 busy=6
DISPATCH kind=Cpu cpu_running=2 io_q=14 cpu_q=5 cpu%=80 busy=3
DISPATCH kind=Io cpu_running=2 io_q=13 cpu_q=5 cpu%=90 busy=4
DISPATCH kind=Io cpu_running=2 io_q=12 cpu_q=5 cpu%=100 busy=5
DISPATCH kind=Io cpu_running=2 io_q=12 cpu_q=5 cpu%=100 busy=5
DISPATCH kind=Io cpu_running=1 io_q=15 cpu_q=6 cpu%=75 busy=5
DISPATCH kind=Cpu cpu_running=1 io_q=17 cpu_q=7 cpu%=55 busy=3
DISPATCH kind=Cpu cpu_running=2 io_q=17 cpu_q=6 cpu%=90 busy=4
DISPATCH kind=Io cpu_running=2 io_q=16 cpu_q=6 cpu%=100 busy=5
DISPATCH kind=Io cpu_running=2 io_q=15 cpu_q=7 cpu%=100 busy=5
DISPATCH kind=Io cpu_running=2 io_q=17 cpu_q=9 cpu%=100 busy=5
DISPATCH kind=Io cpu_running=0 io_q=20 cpu_q=9 cpu%=30 busy=3
DISPATCH kind=Cpu cpu_running=1 io_q=20 cpu_q=8 cpu%=65 busy=4
DISPATCH kind=Cpu cpu_running=2 io_q=20 cpu_q=7 cpu%=100 busy=5
DISPATCH kind=Io cpu_running=2 io_q=20 cpu_q=7 cpu%=100 busy=5
DISPATCH kind=Io cpu_running=2 io_q=24 cpu_q=7 cpu%=100 busy=5
DISPATCH kind=Io cpu_running=1 io_q=26 cpu_q=8 cpu%=65 busy=4
DISPATCH kind=Cpu cpu_running=1 io_q=26 cpu_q=7 cpu%=65 busy=4
DISPATCH kind=Cpu cpu_running=2 io_q=26 cpu_q=6 cpu%=100 busy=5
DISPATCH kind=Io cpu_running=2 io_q=26 cpu_q=6 cpu%=100 busy=5
DISPATCH kind=Io cpu_running=2 io_q=29 cpu_q=7 cpu%=100 busy=5
DISPATCH kind=Io cpu_running=0 io_q=31 cpu_q=8 cpu%=30 busy=3
DISPATCH kind=Cpu cpu_running=1 io_q=31 cpu_q=7 cpu%=65 busy=4
DISPATCH kind=Cpu cpu_running=2 io_q=31 cpu_q=6 cpu%=100 busy=5
DISPATCH kind=Io cpu_running=2 io_q=31 cpu_q=6 cpu%=100 busy=5
DISPATCH kind=Io cpu_running=2 io_q=31 cpu_q=10 cpu%=100 busy=5
DISPATCH kind=Io cpu_running=0 io_q=33 cpu_q=11 cpu%=30 busy=3
DISPATCH kind=Cpu cpu_running=1 io_q=33 cpu_q=10 cpu%=65 busy=4
DISPATCH kind=Cpu cpu_running=2 io_q=33 cpu_q=9 cpu%=100 busy=5
DISPATCH kind=Io cpu_running=2 io_q=33 cpu_q=9 cpu%=100 busy=5
DISPATCH kind=Io cpu_running=2 io_q=33 cpu_q=13 cpu%=100 busy=5
DISPATCH kind=Io cpu_running=1 io_q=36 cpu_q=13 cpu%=65 busy=4
DISPATCH kind=Cpu cpu_running=1 io_q=36 cpu_q=12 cpu%=65 busy=4
DISPATCH kind=Cpu cpu_running=2 io_q=36 cpu_q=11 cpu%=100 busy=5
DISPATCH kind=Io cpu_running=2 io_q=35 cpu_q=12 cpu%=100 busy=5
DISPATCH kind=Io cpu_running=2 io_q=38 cpu_q=13 cpu%=100 busy=5
DISPATCH kind=Io cpu_running=0 io_q=38 cpu_q=16 cpu%=30 busy=3
DISPATCH kind=Cpu cpu_running=1 io_q=38 cpu_q=15 cpu%=65 busy=4
DISPATCH kind=Cpu cpu_running=2 io_q=38 cpu_q=14 cpu%=100 busy=5
DISPATCH kind=Io cpu_running=2 io_q=38 cpu_q=14 cpu%=100 busy=5
DISPATCH kind=Io cpu_running=2 io_q=40 cpu_q=16 cpu%=100 busy=5
DISPATCH kind=Io cpu_running=2 io_q=42 cpu_q=17 cpu%=100 busy=5
DISPATCH kind=Io cpu_running=0 io_q=41 cpu_q=17 cpu%=40 busy=4
DISPATCH kind=Cpu cpu_running=1 io_q=41 cpu_q=16 cpu%=75 busy=5
DISPATCH kind=Cpu cpu_running=2 io_q=42 cpu_q=15 cpu%=100 busy=5
DISPATCH kind=Io cpu_running=2 io_q=46 cpu_q=15 cpu%=100 busy=5
DISPATCH kind=Io cpu_running=2 io_q=46 cpu_q=18 cpu%=100 busy=5
DISPATCH kind=Io cpu_running=2 io_q=45 cpu_q=18 cpu%=65 busy=4
DISPATCH kind=Cpu cpu_running=2 io_q=45 cpu_q=17 cpu%=100 busy=5
DISPATCH kind=Io cpu_running=1 io_q=44 cpu_q=18 cpu%=75 busy=5
DISPATCH kind=Cpu cpu_running=2 io_q=46 cpu_q=20 cpu%=100 busy=5
DISPATCH kind=Io cpu_running=2 io_q=47 cpu_q=22 cpu%=100 busy=5
DISPATCH kind=Io cpu_running=1 io_q=46 cpu_q=22 cpu%=65 busy=4
DISPATCH kind=Cpu cpu_running=2 io_q=46 cpu_q=21 cpu%=100 busy=5
DISPATCH kind=Io cpu_running=2 io_q=45 cpu_q=22 cpu%=100 busy=5
DISPATCH kind=Io cpu_running=1 io_q=48 cpu_q=23 cpu%=75 busy=5
DISPATCH kind=Cpu cpu_running=2 io_q=49 cpu_q=25 cpu%=100 busy=5
DISPATCH kind=Io cpu_running=1 io_q=48 cpu_q=25 cpu%=65 busy=4
DISPATCH kind=Cpu cpu_running=2 io_q=48 cpu_q=24 cpu%=100 busy=5
DISPATCH kind=Io cpu_running=2 io_q=48 cpu_q=24 cpu%=100 busy=5
DISPATCH kind=Io cpu_running=2 io_q=51 cpu_q=25 cpu%=100 busy=5
DISPATCH kind=Io cpu_running=1 io_q=53 cpu_q=26 cpu%=75 busy=5
DISPATCH kind=Cpu cpu_running=2 io_q=53 cpu_q=25 cpu%=100 busy=5
DISPATCH kind=Cpu cpu_running=2 io_q=53 cpu_q=24 cpu%=100 busy=5
DISPATCH kind=Io cpu_running=2 io_q=53 cpu_q=24 cpu%=100 busy=5
DISPATCH kind=Io cpu_running=2 io_q=56 cpu_q=25 cpu%=100 busy=5
DISPATCH kind=Io cpu_running=2 io_q=59 cpu_q=25 cpu%=100 busy=5
DISPATCH kind=Io cpu_running=1 io_q=58 cpu_q=25 cpu%=75 busy=5
DISPATCH kind=Cpu cpu_running=1 io_q=58 cpu_q=24 cpu%=75 busy=5
DISPATCH kind=Cpu cpu_running=2 io_q=59 cpu_q=23 cpu%=100 busy=5
DISPATCH kind=Io cpu_running=2 io_q=62 cpu_q=24 cpu%=100 busy=5
DISPATCH kind=Io cpu_running=2 io_q=64 cpu_q=25 cpu%=100 busy=5
DISPATCH kind=Io cpu_running=1 io_q=63 cpu_q=25 cpu%=65 busy=4
DISPATCH kind=Cpu cpu_running=2 io_q=63 cpu_q=24 cpu%=100 busy=5
DISPATCH kind=Io cpu_running=1 io_q=62 cpu_q=25 cpu%=75 busy=5
DISPATCH kind=Cpu cpu_running=2 io_q=67 cpu_q=24 cpu%=100 busy=5
DISPATCH kind=Io cpu_running=2 io_q=69 cpu_q=25 cpu%=100 busy=5
DISPATCH kind=Io cpu_running=1 io_q=68 cpu_q=25 cpu%=65 busy=4
DISPATCH kind=Cpu cpu_running=2 io_q=68 cpu_q=24 cpu%=100 busy=5
DISPATCH kind=Io cpu_running=2 io_q=68 cpu_q=24 cpu%=100 busy=5
DISPATCH kind=Io cpu_running=1 io_q=71 cpu_q=25 cpu%=75 busy=5
DISPATCH kind=Cpu cpu_running=2 io_q=72 cpu_q=26 cpu%=100 busy=5
DISPATCH kind=Io cpu_running=1 io_q=72 cpu_q=26 cpu%=65 busy=4
DISPATCH kind=Cpu cpu_running=2 io_q=72 cpu_q=25 cpu%=100 busy=5
DISPATCH kind=Io cpu_running=2 io_q=72 cpu_q=25 cpu%=100 busy=5
DISPATCH kind=Io cpu_running=2 io_q=76 cpu_q=25 cpu%=100 busy=5
DISPATCH kind=Io cpu_running=1 io_q=77 cpu_q=26 cpu%=75 busy=5
DISPATCH kind=Cpu cpu_running=1 io_q=77 cpu_q=26 cpu%=65 busy=4
DISPATCH kind=Cpu cpu_running=2 io_q=77 cpu_q=25 cpu%=100 busy=5
DISPATCH kind=Io cpu_running=2 io_q=77 cpu_q=25 cpu%=100 busy=5
DISPATCH kind=Io cpu_running=2 io_q=78 cpu_q=28 cpu%=100 busy=5
DISPATCH kind=Io cpu_running=2 io_q=79 cpu_q=29 cpu%=100 busy=5
DISPATCH kind=Io cpu_running=0 io_q=79 cpu_q=29 cpu%=40 busy=4
DISPATCH kind=Cpu cpu_running=1 io_q=79 cpu_q=28 cpu%=75 busy=5
DISPATCH kind=Cpu cpu_running=2 io_q=80 cpu_q=27 cpu%=100 busy=5
DISPATCH kind=Io cpu_running=2 io_q=82 cpu_q=28 cpu%=100 busy=5
DISPATCH kind=Io cpu_running=2 io_q=84 cpu_q=29 cpu%=100 busy=5
DISPATCH kind=Io cpu_running=1 io_q=83 cpu_q=29 cpu%=65 busy=4
DISPATCH kind=Cpu cpu_running=2 io_q=83 cpu_q=28 cpu%=100 busy=5
DISPATCH kind=Io cpu_running=1 io_q=84 cpu_q=28 cpu%=75 busy=5
DISPATCH kind=Cpu cpu_running=2 io_q=86 cpu_q=29 cpu%=100 busy=5
DISPATCH kind=Io cpu_running=2 io_q=89 cpu_q=29 cpu%=100 busy=5
DISPATCH kind=Io cpu_running=1 io_q=88 cpu_q=29 cpu%=65 busy=4
DISPATCH kind=Cpu cpu_running=2 io_q=88 cpu_q=28 cpu%=100 busy=5
DISPATCH kind=Io cpu_running=2 io_q=89 cpu_q=28 cpu%=100 busy=5
DISPATCH kind=Io cpu_running=1 io_q=89 cpu_q=31 cpu%=75 busy=5
DISPATCH kind=Cpu cpu_running=2 io_q=91 cpu_q=32 cpu%=100 busy=5
DISPATCH kind=Io cpu_running=1 io_q=90 cpu_q=32 cpu%=65 busy=4
DISPATCH kind=Cpu cpu_running=2 io_q=90 cpu_q=31 cpu%=100 busy=5
DISPATCH kind=Io cpu_running=2 io_q=91 cpu_q=31 cpu%=100 busy=5
DISPATCH kind=Io cpu_running=2 io_q=93 cpu_q=32 cpu%=100 busy=5
DISPATCH kind=Io cpu_running=1 io_q=94 cpu_q=34 cpu%=75 busy=5
DISPATCH kind=Cpu cpu_running=2 io_q=94 cpu_q=33 cpu%=100 busy=5
DISPATCH kind=Cpu cpu_running=2 io_q=94 cpu_q=32 cpu%=100 busy=5
DISPATCH kind=Io cpu_running=2 io_q=95 cpu_q=32 cpu%=100 busy=5
DISPATCH kind=Io cpu_running=2 io_q=98 cpu_q=32 cpu%=100 busy=5
DISPATCH kind=Io cpu_running=2 io_q=100 cpu_q=33 cpu%=100 busy=5
DISPATCH kind=Io cpu_running=0 io_q=99 cpu_q=33 cpu%=40 busy=4
DISPATCH kind=Cpu cpu_running=1 io_q=99 cpu_q=32 cpu%=75 busy=5
DISPATCH kind=Cpu cpu_running=2 io_q=100 cpu_q=31 cpu%=100 busy=5
DISPATCH kind=Io cpu_running=2 io_q=104 cpu_q=31 cpu%=100 busy=5
DISPATCH kind=Io cpu_running=2 io_q=105 cpu_q=33 cpu%=100 busy=5
DISPATCH kind=Io cpu_running=1 io_q=104 cpu_q=33 cpu%=65 busy=4
DISPATCH kind=Cpu cpu_running=2 io_q=104 cpu_q=32 cpu%=100 busy=5
DISPATCH kind=Io cpu_running=1 io_q=104 cpu_q=32 cpu%=75 busy=5
DISPATCH kind=Cpu cpu_running=2 io_q=107 cpu_q=33 cpu%=100 busy=5
DISPATCH kind=Io cpu_running=2 io_q=109 cpu_q=34 cpu%=100 busy=5
DISPATCH kind=Io cpu_running=1 io_q=108 cpu_q=34 cpu%=65 busy=4
DISPATCH kind=Cpu cpu_running=2 io_q=108 cpu_q=33 cpu%=100 busy=5
DISPATCH kind=Io cpu_running=2 io_q=108 cpu_q=33 cpu%=100 busy=5
DISPATCH kind=Io cpu_running=1 io_q=111 cpu_q=34 cpu%=75 busy=5
DISPATCH kind=Cpu cpu_running=2 io_q=113 cpu_q=35 cpu%=100 busy=5
DISPATCH kind=Io cpu_running=1 io_q=112 cpu_q=35 cpu%=75 busy=5
DISPATCH kind=Cpu cpu_running=2 io_q=112 cpu_q=34 cpu%=100 busy=5
DISPATCH kind=Io cpu_running=2 io_q=112 cpu_q=34 cpu%=100 busy=5
DISPATCH kind=Io cpu_running=2 io_q=116 cpu_q=34 cpu%=100 busy=5
DISPATCH kind=Io cpu_running=1 io_q=118 cpu_q=35 cpu%=75 busy=5
DISPATCH kind=Cpu cpu_running=2 io_q=118 cpu_q=34 cpu%=100 busy=5
DISPATCH kind=Io cpu_running=1 io_q=117 cpu_q=34 cpu%=75 busy=5
DISPATCH kind=Cpu cpu_running=2 io_q=118 cpu_q=33 cpu%=100 busy=5
DISPATCH kind=Io cpu_running=2 io_q=122 cpu_q=33 cpu%=100 busy=5
DISPATCH kind=Io cpu_running=2 io_q=124 cpu_q=34 cpu%=100 busy=5
DISPATCH kind=Io cpu_running=1 io_q=123 cpu_q=34 cpu%=75 busy=5
DISPATCH kind=Cpu cpu_running=2 io_q=123 cpu_q=33 cpu%=100 busy=5
DISPATCH kind=Io cpu_running=1 io_q=123 cpu_q=33 cpu%=75 busy=5
DISPATCH kind=Cpu cpu_running=2 io_q=126 cpu_q=34 cpu%=100 busy=5
DISPATCH kind=Io cpu_running=2 io_q=127 cpu_q=36 cpu%=100 busy=5
DISPATCH kind=Io cpu_running=2 io_q=126 cpu_q=36 cpu%=100 busy=5
DISPATCH kind=Io cpu_running=1 io_q=125 cpu_q=36 cpu%=75 busy=5
DISPATCH kind=Cpu cpu_running=2 io_q=126 cpu_q=35 cpu%=100 busy=5
DISPATCH kind=Io cpu_running=1 io_q=127 cpu_q=38 cpu%=75 busy=5
DISPATCH kind=Cpu cpu_running=2 io_q=130 cpu_q=38 cpu%=100 busy=5
DISPATCH kind=Io cpu_running=2 io_q=129 cpu_q=38 cpu%=100 busy=5
DISPATCH kind=Io cpu_running=2 io_q=128 cpu_q=38 cpu%=100 busy=5
DISPATCH kind=Io cpu_running=1 io_q=128 cpu_q=38 cpu%=75 busy=5
DISPATCH kind=Cpu cpu_running=2 io_q=132 cpu_q=38 cpu%=100 busy=5
DISPATCH kind=Io cpu_running=1 io_q=135 cpu_q=38 cpu%=75 busy=5
DISPATCH kind=Cpu cpu_running=2 io_q=135 cpu_q=37 cpu%=100 busy=5
DISPATCH kind=Io cpu_running=2 io_q=134 cpu_q=37 cpu%=100 busy=5
DISPATCH kind=Io cpu_running=2 io_q=134 cpu_q=37 cpu%=100 busy=5
DISPATCH kind=Io cpu_running=1 io_q=137 cpu_q=38 cpu%=75 busy=5
DISPATCH kind=Cpu cpu_running=2 io_q=140 cpu_q=38 cpu%=100 busy=5
DISPATCH kind=Io cpu_running=1 io_q=139 cpu_q=38 cpu%=75 busy=5
DISPATCH kind=Cpu cpu_running=2 io_q=139 cpu_q=37 cpu%=100 busy=5
DISPATCH kind=Io cpu_running=2 io_q=139 cpu_q=37 cpu%=100 busy=5
DISPATCH kind=Io cpu_running=2 io_q=141 cpu_q=39 cpu%=100 busy=5
DISPATCH kind=Io cpu_running=1 io_q=141 cpu_q=42 cpu%=75 busy=5
DISPATCH kind=Cpu cpu_running=2 io_q=141 cpu_q=41 cpu%=100 busy=5
DISPATCH kind=Io cpu_running=1 io_q=140 cpu_q=41 cpu%=75 busy=5
DISPATCH kind=Cpu cpu_running=2 io_q=140 cpu_q=41 cpu%=100 busy=5
DISPATCH kind=Io cpu_running=2 io_q=142 cpu_q=43 cpu%=100 busy=5
DISPATCH kind=Io cpu_running=2 io_q=145 cpu_q=43 cpu%=100 busy=5
DISPATCH kind=Io cpu_running=1 io_q=144 cpu_q=43 cpu%=75 busy=5
DISPATCH kind=Cpu cpu_running=2 io_q=144 cpu_q=42 cpu%=100 busy=5
DISPATCH kind=Io cpu_running=1 io_q=143 cpu_q=43 cpu%=75 busy=5
DISPATCH kind=Cpu cpu_running=2 io_q=148 cpu_q=42 cpu%=100 busy=5
DISPATCH kind=Io cpu_running=2 io_q=150 cpu_q=43 cpu%=100 busy=5
DISPATCH kind=Io cpu_running=2 io_q=149 cpu_q=43 cpu%=100 busy=5
DISPATCH kind=Io cpu_running=1 io_q=148 cpu_q=43 cpu%=75 busy=5
DISPATCH kind=Cpu cpu_running=2 io_q=148 cpu_q=43 cpu%=100 busy=5
DISPATCH kind=Io cpu_running=1 io_q=151 cpu_q=44 cpu%=75 busy=5
DISPATCH kind=Cpu cpu_running=2 io_q=155 cpu_q=43 cpu%=100 busy=5
DISPATCH kind=Io cpu_running=2 io_q=154 cpu_q=43 cpu%=100 busy=5
DISPATCH kind=Io cpu_running=2 io_q=153 cpu_q=43 cpu%=100 busy=5
DISPATCH kind=Io cpu_running=1 io_q=153 cpu_q=43 cpu%=75 busy=5
DISPATCH kind=Cpu cpu_running=2 io_q=157 cpu_q=43 cpu%=100 busy=5
DISPATCH kind=Io cpu_running=1 io_q=160 cpu_q=43 cpu%=75 busy=5
DISPATCH kind=Cpu cpu_running=2 io_q=160 cpu_q=42 cpu%=90 busy=4
DISPATCH kind=Io cpu_running=2 io_q=159 cpu_q=42 cpu%=100 busy=5
DISPATCH kind=Io cpu_running=2 io_q=158 cpu_q=43 cpu%=100 busy=5
DISPATCH kind=Io cpu_running=1 io_q=160 cpu_q=44 cpu%=75 busy=5
DISPATCH kind=Cpu cpu_running=2 io_q=164 cpu_q=43 cpu%=100 busy=5
DISPATCH kind=Io cpu_running=1 io_q=163 cpu_q=44 cpu%=65 busy=4
DISPATCH kind=Cpu cpu_running=2 io_q=163 cpu_q=43 cpu%=100 busy=5
DISPATCH kind=Io cpu_running=2 io_q=162 cpu_q=44 cpu%=100 busy=5
DISPATCH kind=Io cpu_running=2 io_q=164 cpu_q=45 cpu%=100 busy=5
DISPATCH kind=Io cpu_running=1 io_q=166 cpu_q=46 cpu%=75 busy=5
DISPATCH kind=Cpu cpu_running=2 io_q=166 cpu_q=46 cpu%=100 busy=5
DISPATCH kind=Cpu cpu_running=2 io_q=166 cpu_q=45 cpu%=100 busy=5
DISPATCH kind=Io cpu_running=2 io_q=166 cpu_q=45 cpu%=100 busy=5
DISPATCH kind=Io cpu_running=2 io_q=165 cpu_q=49 cpu%=100 busy=5
DISPATCH kind=Io cpu_running=2 io_q=168 cpu_q=49 cpu%=100 busy=5
DISPATCH kind=Io cpu_running=1 io_q=167 cpu_q=49 cpu%=75 busy=5
DISPATCH kind=Cpu cpu_running=1 io_q=167 cpu_q=48 cpu%=75 busy=5
DISPATCH kind=Cpu cpu_running=2 io_q=169 cpu_q=47 cpu%=100 busy=5
DISPATCH kind=Io cpu_running=2 io_q=171 cpu_q=48 cpu%=100 busy=5
DISPATCH kind=Io cpu_running=2 io_q=173 cpu_q=49 cpu%=100 busy=5
DISPATCH kind=Io cpu_running=1 io_q=172 cpu_q=49 cpu%=65 busy=4
DISPATCH kind=Cpu cpu_running=2 io_q=172 cpu_q=48 cpu%=100 busy=5
DISPATCH kind=Io cpu_running=1 io_q=172 cpu_q=49 cpu%=75 busy=5
DISPATCH kind=Cpu cpu_running=2 io_q=175 cpu_q=49 cpu%=100 busy=5
DISPATCH kind=Io cpu_running=2 io_q=176 cpu_q=51 cpu%=100 busy=5
DISPATCH kind=Io cpu_running=1 io_q=175 cpu_q=51 cpu%=65 busy=4
DISPATCH kind=Cpu cpu_running=2 io_q=175 cpu_q=50 cpu%=100 busy=5
DISPATCH kind=Io cpu_running=2 io_q=176 cpu_q=50 cpu%=100 busy=5
DISPATCH kind=Io cpu_running=1 io_q=177 cpu_q=52 cpu%=75 busy=5
DISPATCH kind=Cpu cpu_running=2 io_q=179 cpu_q=53 cpu%=100 busy=5
DISPATCH kind=Io cpu_running=1 io_q=178 cpu_q=53 cpu%=65 busy=4
DISPATCH kind=Cpu cpu_running=2 io_q=178 cpu_q=52 cpu%=100 busy=5
DISPATCH kind=Io cpu_running=2 io_q=177 cpu_q=54 cpu%=100 busy=5
DISPATCH kind=Io cpu_running=2 io_q=180 cpu_q=54 cpu%=100 busy=5
DISPATCH kind=Io cpu_running=1 io_q=182 cpu_q=55 cpu%=75 busy=5
DISPATCH kind=Cpu cpu_running=1 io_q=182 cpu_q=54 cpu%=65 busy=4
DISPATCH kind=Cpu cpu_running=2 io_q=182 cpu_q=53 cpu%=100 busy=5
DISPATCH kind=Io cpu_running=2 io_q=182 cpu_q=53 cpu%=100 busy=5
DISPATCH kind=Io cpu_running=2 io_q=185 cpu_q=54 cpu%=100 busy=5
DISPATCH kind=Io cpu_running=2 io_q=186 cpu_q=56 cpu%=100 busy=5
DISPATCH kind=Io cpu_running=0 io_q=185 cpu_q=56 cpu%=40 busy=4
DISPATCH kind=Cpu cpu_running=1 io_q=185 cpu_q=55 cpu%=75 busy=5
DISPATCH kind=Cpu cpu_running=2 io_q=185 cpu_q=55 cpu%=100 busy=5
DISPATCH kind=Io cpu_running=2 io_q=186 cpu_q=58 cpu%=100 busy=5
DISPATCH kind=Io cpu_running=2 io_q=189 cpu_q=58 cpu%=100 busy=5
DISPATCH kind=Io cpu_running=1 io_q=188 cpu_q=58 cpu%=65 busy=4
DISPATCH kind=Cpu cpu_running=2 io_q=188 cpu_q=57 cpu%=100 busy=5
DISPATCH kind=Io cpu_running=1 io_q=188 cpu_q=57 cpu%=75 busy=5
DISPATCH kind=Cpu cpu_running=2 io_q=193 cpu_q=56 cpu%=100 busy=5
DISPATCH kind=Io cpu_running=2 io_q=195 cpu_q=57 cpu%=100 busy=5
DISPATCH kind=Io cpu_running=1 io_q=194 cpu_q=57 cpu%=65 busy=4
DISPATCH kind=Cpu cpu_running=2 io_q=194 cpu_q=56 cpu%=100 busy=5
DISPATCH kind=Io cpu_running=2 io_q=193 cpu_q=57 cpu%=100 busy=5
DISPATCH kind=Io cpu_running=1 io_q=194 cpu_q=60 cpu%=75 busy=5
DISPATCH kind=Cpu cpu_running=2 io_q=198 cpu_q=59 cpu%=100 busy=5
DISPATCH kind=Io cpu_running=1 io_q=197 cpu_q=59 cpu%=65 busy=4
DISPATCH kind=Cpu cpu_running=2 io_q=197 cpu_q=58 cpu%=100 busy=5
DISPATCH kind=Io cpu_running=2 io_q=196 cpu_q=59 cpu%=100 busy=5
DISPATCH kind=Io cpu_running=2 io_q=198 cpu_q=61 cpu%=100 busy=5
DISPATCH kind=Io cpu_running=1 io_q=200 cpu_q=62 cpu%=75 busy=5
DISPATCH kind=Cpu cpu_running=1 io_q=200 cpu_q=61 cpu%=65 busy=4
DISPATCH kind=Cpu cpu_running=2 io_q=200 cpu_q=60 cpu%=100 busy=5
DISPATCH kind=Io cpu_running=2 io_q=200 cpu_q=60 cpu%=100 busy=5
DISPATCH kind=Io cpu_running=2 io_q=204 cpu_q=60 cpu%=100 busy=5
DISPATCH kind=Io cpu_running=2 io_q=206 cpu_q=61 cpu%=100 busy=5
DISPATCH kind=Io cpu_running=0 io_q=205 cpu_q=61 cpu%=40 busy=4
DISPATCH kind=Cpu cpu_running=1 io_q=205 cpu_q=60 cpu%=75 busy=5
DISPATCH kind=Cpu cpu_running=2 io_q=206 cpu_q=59 cpu%=100 busy=5
DISPATCH kind=Io cpu_running=2 io_q=209 cpu_q=60 cpu%=100 busy=5
DISPATCH kind=Io cpu_running=2 io_q=209 cpu_q=63 cpu%=100 busy=5
DISPATCH kind=Io cpu_running=1 io_q=208 cpu_q=63 cpu%=65 busy=4
DISPATCH kind=Cpu cpu_running=2 io_q=208 cpu_q=62 cpu%=100 busy=5
DISPATCH kind=Io cpu_running=1 io_q=208 cpu_q=62 cpu%=75 busy=5
DISPATCH kind=Cpu cpu_running=2 io_q=210 cpu_q=64 cpu%=100 busy=5
DISPATCH kind=Io cpu_running=2 io_q=212 cpu_q=65 cpu%=100 busy=5
DISPATCH kind=Io cpu_running=1 io_q=211 cpu_q=65 cpu%=65 busy=4
DISPATCH kind=Cpu cpu_running=2 io_q=211 cpu_q=64 cpu%=100 busy=5
DISPATCH kind=Io cpu_running=2 io_q=211 cpu_q=64 cpu%=100 busy=5
DISPATCH kind=Io cpu_running=1 io_q=212 cpu_q=67 cpu%=75 busy=5
DISPATCH kind=Cpu cpu_running=2 io_q=215 cpu_q=67 cpu%=100 busy=5
DISPATCH kind=Io cpu_running=1 io_q=214 cpu_q=67 cpu%=65 busy=4
DISPATCH kind=Cpu cpu_running=2 io_q=214 cpu_q=66 cpu%=100 busy=5
DISPATCH kind=Io cpu_running=2 io_q=213 cpu_q=67 cpu%=100 busy=5
DISPATCH kind=Io cpu_running=2 io_q=215 cpu_q=69 cpu%=100 busy=5
DISPATCH kind=Io cpu_running=1 io_q=217 cpu_q=70 cpu%=75 busy=5
DISPATCH kind=Cpu cpu_running=1 io_q=217 cpu_q=69 cpu%=65 busy=4
DISPATCH kind=Cpu cpu_running=2 io_q=217 cpu_q=68 cpu%=100 busy=5
DISPATCH kind=Io cpu_running=2 io_q=217 cpu_q=68 cpu%=100 busy=5
DISPATCH kind=Io cpu_running=2 io_q=221 cpu_q=68 cpu%=100 busy=5
DISPATCH kind=Io cpu_running=2 io_q=223 cpu_q=69 cpu%=100 busy=5
DISPATCH kind=Io cpu_running=0 io_q=222 cpu_q=69 cpu%=40 busy=4
DISPATCH kind=Cpu cpu_running=1 io_q=222 cpu_q=68 cpu%=75 busy=5
DISPATCH kind=Cpu cpu_running=2 io_q=222 cpu_q=68 cpu%=100 busy=5
DISPATCH kind=Io cpu_running=2 io_q=224 cpu_q=70 cpu%=100 busy=5
DISPATCH kind=Io cpu_running=2 io_q=225 cpu_q=72 cpu%=100 busy=5
DISPATCH kind=Io cpu_running=1 io_q=224 cpu_q=72 cpu%=65 busy=4
DISPATCH kind=Cpu cpu_running=2 io_q=224 cpu_q=71 cpu%=100 busy=5
DISPATCH kind=Io cpu_running=1 io_q=224 cpu_q=71 cpu%=75 busy=5
DISPATCH kind=Cpu cpu_running=2 io_q=229 cpu_q=70 cpu%=100 busy=5
DISPATCH kind=Io cpu_running=2 io_q=232 cpu_q=70 cpu%=100 busy=5
DISPATCH kind=Io cpu_running=2 io_q=231 cpu_q=70 cpu%=100 busy=5
DISPATCH kind=Io cpu_running=1 io_q=230 cpu_q=70 cpu%=75 busy=5
DISPATCH kind=Cpu cpu_running=2 io_q=231 cpu_q=69 cpu%=100 busy=5
DISPATCH kind=Io cpu_running=1 io_q=231 cpu_q=73 cpu%=75 busy=5
DISPATCH kind=Cpu cpu_running=2 io_q=233 cpu_q=74 cpu%=100 busy=5
DISPATCH kind=Io cpu_running=2 io_q=232 cpu_q=74 cpu%=100 busy=5
DISPATCH kind=Io cpu_running=2 io_q=231 cpu_q=74 cpu%=100 busy=5
DISPATCH kind=Io cpu_running=1 io_q=231 cpu_q=74 cpu%=75 busy=5
DISPATCH kind=Cpu cpu_running=2 io_q=234 cpu_q=75 cpu%=100 busy=5
DISPATCH kind=Io cpu_running=1 io_q=235 cpu_q=77 cpu%=75 busy=5
DISPATCH kind=Cpu cpu_running=2 io_q=235 cpu_q=76 cpu%=100 busy=5
DISPATCH kind=Io cpu_running=2 io_q=234 cpu_q=76 cpu%=100 busy=5
DISPATCH kind=Io cpu_running=2 io_q=234 cpu_q=76 cpu%=100 busy=5
DISPATCH kind=Io cpu_running=1 io_q=238 cpu_q=76 cpu%=75 busy=5
DISPATCH kind=Cpu cpu_running=2 io_q=240 cpu_q=77 cpu%=100 busy=5
DISPATCH kind=Io cpu_running=1 io_q=239 cpu_q=77 cpu%=75 busy=5
DISPATCH kind=Cpu cpu_running=2 io_q=239 cpu_q=76 cpu%=100 busy=5
DISPATCH kind=Io cpu_running=2 io_q=238 cpu_q=77 cpu%=100 busy=5
DISPATCH kind=Io cpu_running=2 io_q=240 cpu_q=79 cpu%=100 busy=5
DISPATCH kind=Io cpu_running=1 io_q=242 cpu_q=80 cpu%=75 busy=5
DISPATCH kind=Cpu cpu_running=2 io_q=242 cpu_q=79 cpu%=100 busy=5
DISPATCH kind=Io cpu_running=1 io_q=241 cpu_q=79 cpu%=75 busy=5
DISPATCH kind=Cpu cpu_running=2 io_q=242 cpu_q=78 cpu%=100 busy=5
DISPATCH kind=Io cpu_running=2 io_q=245 cpu_q=79 cpu%=100 busy=5
DISPATCH kind=Io cpu_running=2 io_q=247 cpu_q=80 cpu%=100 busy=5
DISPATCH kind=Io cpu_running=1 io_q=246 cpu_q=80 cpu%=75 busy=5
DISPATCH kind=Cpu cpu_running=2 io_q=246 cpu_q=79 cpu%=100 busy=5
DISPATCH kind=Io cpu_running=1 io_q=246 cpu_q=79 cpu%=75 busy=5
DISPATCH kind=Cpu cpu_running=2 io_q=249 cpu_q=80 cpu%=100 busy=5
DISPATCH kind=Io cpu_running=2 io_q=251 cpu_q=81 cpu%=100 busy=5
DISPATCH kind=Io cpu_running=2 io_q=250 cpu_q=81 cpu%=100 busy=5
DISPATCH kind=Io cpu_running=1 io_q=249 cpu_q=81 cpu%=75 busy=5
DISPATCH kind=Cpu cpu_running=2 io_q=250 cpu_q=80 cpu%=100 busy=5
DISPATCH kind=Io cpu_running=1 io_q=254 cpu_q=80 cpu%=75 busy=5
DISPATCH kind=Cpu cpu_running=2 io_q=258 cpu_q=79 cpu%=100 busy=5
DISPATCH kind=Io cpu_running=2 io_q=257 cpu_q=79 cpu%=100 busy=5
DISPATCH kind=Io cpu_running=2 io_q=256 cpu_q=79 cpu%=100 busy=5
DISPATCH kind=Io cpu_running=1 io_q=256 cpu_q=79 cpu%=75 busy=5
DISPATCH kind=Cpu cpu_running=2 io_q=260 cpu_q=79 cpu%=100 busy=5
DISPATCH kind=Io cpu_running=1 io_q=260 cpu_q=81 cpu%=75 busy=5
DISPATCH kind=Cpu cpu_running=2 io_q=261 cpu_q=80 cpu%=100 busy=5
DISPATCH kind=Io cpu_running=2 io_q=260 cpu_q=80 cpu%=100 busy=5
DISPATCH kind=Io cpu_running=2 io_q=260 cpu_q=80 cpu%=100 busy=5
DISPATCH kind=Io cpu_running=1 io_q=262 cpu_q=82 cpu%=75 busy=5
DISPATCH kind=Cpu cpu_running=2 io_q=265 cpu_q=81 cpu%=100 busy=5
DISPATCH kind=Io cpu_running=1 io_q=264 cpu_q=81 cpu%=75 busy=5
DISPATCH kind=Cpu cpu_running=2 io_q=264 cpu_q=80 cpu%=100 busy=5
DISPATCH kind=Io cpu_running=2 io_q=265 cpu_q=80 cpu%=100 busy=5
DISPATCH kind=Io cpu_running=2 io_q=266 cpu_q=82 cpu%=100 busy=5
DISPATCH kind=Io cpu_running=1 io_q=267 cpu_q=84 cpu%=75 busy=5
DISPATCH kind=Cpu cpu_running=2 io_q=267 cpu_q=83 cpu%=100 busy=5
DISPATCH kind=Io cpu_running=1 io_q=266 cpu_q=83 cpu%=75 busy=5
DISPATCH kind=Cpu cpu_running=2 io_q=268 cpu_q=82 cpu%=100 busy=5
DISPATCH kind=Io cpu_running=2 io_q=270 cpu_q=83 cpu%=100 busy=5
DISPATCH kind=Io cpu_running=2 io_q=270 cpu_q=86 cpu%=100 busy=5
DISPATCH kind=Io cpu_running=1 io_q=269 cpu_q=86 cpu%=75 busy=5
DISPATCH kind=Cpu cpu_running=2 io_q=269 cpu_q=85 cpu%=100 busy=5
DISPATCH kind=Io cpu_running=1 io_q=270 cpu_q=85 cpu%=75 busy=5
DISPATCH kind=Cpu cpu_running=2 io_q=273 cpu_q=85 cpu%=100 busy=5
DISPATCH kind=Io cpu_running=2 io_q=276 cpu_q=85 cpu%=100 busy=5
DISPATCH kind=Io cpu_running=2 io_q=275 cpu_q=85 cpu%=100 busy=5
DISPATCH kind=Io cpu_running=1 io_q=274 cpu_q=85 cpu%=75 busy=5
DISPATCH kind=Cpu cpu_running=2 io_q=275 cpu_q=84 cpu%=100 busy=5
DISPATCH kind=Io cpu_running=1 io_q=277 cpu_q=86 cpu%=75 busy=5
DISPATCH kind=Cpu cpu_running=2 io_q=280 cpu_q=86 cpu%=100 busy=5
DISPATCH kind=Io cpu_running=2 io_q=279 cpu_q=86 cpu%=100 busy=5
DISPATCH kind=Io cpu_running=2 io_q=278 cpu_q=86 cpu%=100 busy=5
DISPATCH kind=Io cpu_running=1 io_q=277 cpu_q=87 cpu%=75 busy=5
DISPATCH kind=Cpu cpu_running=2 io_q=281 cpu_q=87 cpu%=100 busy=5
DISPATCH kind=Io cpu_running=1 io_q=284 cpu_q=87 cpu%=75 busy=5
DISPATCH kind=Cpu cpu_running=2 io_q=284 cpu_q=86 cpu%=100 busy=5
DISPATCH kind=Io cpu_running=2 io_q=283 cpu_q=86 cpu%=100 busy=5
DISPATCH kind=Io cpu_running=2 io_q=283 cpu_q=86 cpu%=100 busy=5
DISPATCH kind=Io cpu_running=1 io_q=287 cpu_q=86 cpu%=75 busy=5
DISPATCH kind=Cpu cpu_running=2 io_q=290 cpu_q=86 cpu%=100 busy=5
DISPATCH kind=Io cpu_running=1 io_q=289 cpu_q=86 cpu%=75 busy=5
DISPATCH kind=Cpu cpu_running=2 io_q=289 cpu_q=85 cpu%=100 busy=5
DISPATCH kind=Io cpu_running=2 io_q=289 cpu_q=85 cpu%=100 busy=5
DISPATCH kind=Io cpu_running=2 io_q=292 cpu_q=86 cpu%=100 busy=5
DISPATCH kind=Io cpu_running=1 io_q=293 cpu_q=88 cpu%=75 busy=5
DISPATCH kind=Cpu cpu_running=2 io_q=293 cpu_q=87 cpu%=100 busy=5
DISPATCH kind=Io cpu_running=1 io_q=292 cpu_q=87 cpu%=75 busy=5
DISPATCH kind=Cpu cpu_running=2 io_q=293 cpu_q=86 cpu%=100 busy=5
DISPATCH kind=Io cpu_running=2 io_q=294 cpu_q=89 cpu%=100 busy=5
DISPATCH kind=Io cpu_running=2 io_q=297 cpu_q=89 cpu%=100 busy=5
DISPATCH kind=Io cpu_running=1 io_q=296 cpu_q=89 cpu%=75 busy=5
DISPATCH kind=Cpu cpu_running=2 io_q=296 cpu_q=88 cpu%=100 busy=5
DISPATCH kind=Io cpu_running=1 io_q=296 cpu_q=88 cpu%=75 busy=5
DISPATCH kind=Cpu cpu_running=2 io_q=299 cpu_q=89 cpu%=100 busy=5
DISPATCH kind=Io cpu_running=2 io_q=301 cpu_q=90 cpu%=100 busy=5
DISPATCH kind=Io cpu_running=2 io_q=300 cpu_q=90 cpu%=100 busy=5
DISPATCH kind=Io cpu_running=1 io_q=299 cpu_q=90 cpu%=75 busy=5
DISPATCH kind=Cpu cpu_running=2 io_q=300 cpu_q=89 cpu%=100 busy=5
DISPATCH kind=Io cpu_running=1 io_q=303 cpu_q=90 cpu%=75 busy=5
DISPATCH kind=Cpu cpu_running=2 io_q=307 cpu_q=89 cpu%=100 busy=5
DISPATCH kind=Io cpu_running=2 io_q=306 cpu_q=89 cpu%=100 busy=5
DISPATCH kind=Io cpu_running=2 io_q=305 cpu_q=89 cpu%=100 busy=5
DISPATCH kind=Io cpu_running=1 io_q=304 cpu_q=90 cpu%=75 busy=5
DISPATCH kind=Cpu cpu_running=2 io_q=307 cpu_q=91 cpu%=100 busy=5
DISPATCH kind=Io cpu_running=1 io_q=308 cpu_q=93 cpu%=75 busy=5
DISPATCH kind=Cpu cpu_running=2 io_q=308 cpu_q=92 cpu%=100 busy=5
DISPATCH kind=Io cpu_running=2 io_q=307 cpu_q=92 cpu%=100 busy=5
DISPATCH kind=Io cpu_running=2 io_q=306 cpu_q=93 cpu%=100 busy=5
DISPATCH kind=Io cpu_running=1 io_q=307 cpu_q=96 cpu%=75 busy=5
DISPATCH kind=Cpu cpu_running=2 io_q=309 cpu_q=97 cpu%=100 busy=5
DISPATCH kind=Io cpu_running=1 io_q=308 cpu_q=97 cpu%=75 busy=5
DISPATCH kind=Cpu cpu_running=2 io_q=308 cpu_q=96 cpu%=100 busy=5
DISPATCH kind=Io cpu_running=2 io_q=308 cpu_q=96 cpu%=100 busy=5
DISPATCH kind=Io cpu_running=2 io_q=308 cpu_q=100 cpu%=100 busy=5
DISPATCH kind=Io cpu_running=1 io_q=310 cpu_q=101 cpu%=75 busy=5
DISPATCH kind=Cpu cpu_running=2 io_q=310 cpu_q=100 cpu%=100 busy=5
DISPATCH kind=Io cpu_running=1 io_q=309 cpu_q=100 cpu%=75 busy=5
DISPATCH kind=Cpu cpu_running=2 io_q=309 cpu_q=100 cpu%=100 busy=5
DISPATCH kind=Io cpu_running=2 io_q=312 cpu_q=101 cpu%=100 busy=5
DISPATCH kind=Io cpu_running=2 io_q=313 cpu_q=103 cpu%=100 busy=5
DISPATCH kind=Io cpu_running=1 io_q=312 cpu_q=103 cpu%=75 busy=5
DISPATCH kind=Cpu cpu_running=2 io_q=312 cpu_q=102 cpu%=100 busy=5
DISPATCH kind=Io cpu_running=1 io_q=312 cpu_q=102 cpu%=75 busy=5
DISPATCH kind=Cpu cpu_running=2 io_q=317 cpu_q=101 cpu%=100 busy=5
DISPATCH kind=Io cpu_running=2 io_q=320 cpu_q=101 cpu%=100 busy=5
DISPATCH kind=Io cpu_running=2 io_q=319 cpu_q=101 cpu%=100 busy=5
DISPATCH kind=Io cpu_running=1 io_q=318 cpu_q=101 cpu%=75 busy=5
DISPATCH kind=Cpu cpu_running=2 io_q=318 cpu_q=101 cpu%=100 busy=5
DISPATCH kind=Io cpu_running=1 io_q=320 cpu_q=103 cpu%=75 busy=5
DISPATCH kind=Cpu cpu_running=2 io_q=323 cpu_q=103 cpu%=100 busy=5
DISPATCH kind=Io cpu_running=2 io_q=322 cpu_q=103 cpu%=100 busy=5
DISPATCH kind=Io cpu_running=2 io_q=321 cpu_q=103 cpu%=100 busy=5
DISPATCH kind=Io cpu_running=1 io_q=321 cpu_q=103 cpu%=75 busy=5
DISPATCH kind=Cpu cpu_running=2 io_q=325 cpu_q=103 cpu%=100 busy=5
DISPATCH kind=Io cpu_running=1 io_q=328 cpu_q=103 cpu%=75 busy=5
DISPATCH kind=Cpu cpu_running=2 io_q=328 cpu_q=102 cpu%=100 busy=5
DISPATCH kind=Io cpu_running=2 io_q=327 cpu_q=102 cpu%=100 busy=5
DISPATCH kind=Io cpu_running=2 io_q=327 cpu_q=102 cpu%=100 busy=5
DISPATCH kind=Io cpu_running=1 io_q=330 cpu_q=103 cpu%=75 busy=5
DISPATCH kind=Cpu cpu_running=2 io_q=331 cpu_q=104 cpu%=100 busy=5
DISPATCH kind=Io cpu_running=1 io_q=330 cpu_q=104 cpu%=75 busy=5
DISPATCH kind=Cpu cpu_running=2 io_q=330 cpu_q=103 cpu%=100 busy=5
DISPATCH kind=Io cpu_running=2 io_q=331 cpu_q=103 cpu%=100 busy=5
DISPATCH kind=Io cpu_running=2 io_q=335 cpu_q=103 cpu%=100 busy=5
DISPATCH kind=Io cpu_running=1 io_q=336 cpu_q=104 cpu%=75 busy=5
DISPATCH kind=Cpu cpu_running=2 io_q=336 cpu_q=103 cpu%=100 busy=5
DISPATCH kind=Io cpu_running=1 io_q=335 cpu_q=103 cpu%=75 busy=5
DISPATCH kind=Cpu cpu_running=2 io_q=337 cpu_q=102 cpu%=100 busy=5
DISPATCH kind=Io cpu_running=2 io_q=339 cpu_q=103 cpu%=100 busy=5
DISPATCH kind=Io cpu_running=2 io_q=340 cpu_q=105 cpu%=100 busy=5
DISPATCH kind=Io cpu_running=1 io_q=339 cpu_q=105 cpu%=75 busy=5
DISPATCH kind=Cpu cpu_running=2 io_q=339 cpu_q=104 cpu%=100 busy=5
DISPATCH kind=Io cpu_running=1 io_q=339 cpu_q=105 cpu%=75 busy=5
DISPATCH kind=Cpu cpu_running=2 io_q=340 cpu_q=107 cpu%=100 busy=5
DISPATCH kind=Io cpu_running=1 io_q=341 cpu_q=109 cpu%=55 busy=3
DISPATCH kind=Cpu cpu_running=2 io_q=341 cpu_q=108 cpu%=90 busy=4
DISPATCH kind=Io cpu_running=2 io_q=340 cpu_q=108 cpu%=100 busy=5
DISPATCH kind=Io cpu_running=2 io_q=341 cpu_q=108 cpu%=100 busy=5
DISPATCH kind=Io cpu_running=1 io_q=342 cpu_q=110 cpu%=75 busy=5
DISPATCH kind=Cpu cpu_running=2 io_q=345 cpu_q=110 cpu%=100 busy=5
DISPATCH kind=Io cpu_running=1 io_q=344 cpu_q=110 cpu%=65 busy=4
DISPATCH kind=Cpu cpu_running=2 io_q=344 cpu_q=109 cpu%=100 busy=5
DISPATCH kind=Io cpu_running=2 io_q=344 cpu_q=110 cpu%=100 busy=5
DISPATCH kind=Io cpu_running=2 io_q=346 cpu_q=111 cpu%=100 busy=5
DISPATCH kind=Io cpu_running=1 io_q=349 cpu_q=111 cpu%=75 busy=5
DISPATCH kind=Cpu cpu_running=1 io_q=349 cpu_q=110 cpu%=65 busy=4
DISPATCH kind=Cpu cpu_running=2 io_q=349 cpu_q=109 cpu%=100 busy=5
DISPATCH kind=Io cpu_running=2 io_q=348 cpu_q=110 cpu%=100 busy=5
DISPATCH kind=Io cpu_running=2 io_q=350 cpu_q=112 cpu%=100 busy=5
DISPATCH kind=Io cpu_running=2 io_q=353 cpu_q=112 cpu%=100 busy=5
DISPATCH kind=Io cpu_running=0 io_q=352 cpu_q=112 cpu%=40 busy=4
DISPATCH kind=Cpu cpu_running=1 io_q=352 cpu_q=111 cpu%=75 busy=5
DISPATCH kind=Cpu cpu_running=2 io_q=352 cpu_q=111 cpu%=100 busy=5
DISPATCH kind=Io cpu_running=2 io_q=354 cpu_q=113 cpu%=100 busy=5
DISPATCH kind=Io cpu_running=2 io_q=356 cpu_q=114 cpu%=100 busy=5
DISPATCH kind=Io cpu_running=1 io_q=355 cpu_q=114 cpu%=65 busy=4
DISPATCH kind=Cpu cpu_running=2 io_q=355 cpu_q=113 cpu%=100 busy=5
DISPATCH kind=Io cpu_running=1 io_q=355 cpu_q=113 cpu%=75 busy=5
DISPATCH kind=Cpu cpu_running=2 io_q=359 cpu_q=113 cpu%=100 busy=5
DISPATCH kind=Io cpu_running=2 io_q=360 cpu_q=115 cpu%=100 busy=5
DISPATCH kind=Io cpu_running=2 io_q=359 cpu_q=115 cpu%=100 busy=5
DISPATCH kind=Cpu cpu_running=2 io_q=359 cpu_q=114 cpu%=100 busy=5
DISPATCH kind=Io cpu_running=2 io_q=358 cpu_q=115 cpu%=100 busy=5
DISPATCH kind=Io cpu_running=1 io_q=362 cpu_q=115 cpu%=75 busy=5
DISPATCH kind=Cpu cpu_running=2 io_q=366 cpu_q=114 cpu%=100 busy=5
DISPATCH kind=Io cpu_running=1 io_q=365 cpu_q=114 cpu%=65 busy=4
DISPATCH kind=Cpu cpu_running=2 io_q=365 cpu_q=113 cpu%=100 busy=5
DISPATCH kind=Io cpu_running=2 io_q=365 cpu_q=113 cpu%=100 busy=5
DISPATCH kind=Io cpu_running=2 io_q=369 cpu_q=113 cpu%=100 busy=5
DISPATCH kind=Io cpu_running=1 io_q=370 cpu_q=115 cpu%=75 busy=5
DISPATCH kind=Cpu cpu_running=1 io_q=370 cpu_q=114 cpu%=65 busy=4
DISPATCH kind=Cpu cpu_running=2 io_q=370 cpu_q=113 cpu%=100 busy=5
DISPATCH kind=Io cpu_running=2 io_q=369 cpu_q=114 cpu%=100 busy=5
DISPATCH kind=Io cpu_running=2 io_q=372 cpu_q=115 cpu%=100 busy=5
DISPATCH kind=Io cpu_running=2 io_q=373 cpu_q=117 cpu%=100 busy=5
DISPATCH kind=Io cpu_running=0 io_q=372 cpu_q=117 cpu%=40 busy=4
DISPATCH kind=Cpu cpu_running=1 io_q=372 cpu_q=116 cpu%=75 busy=5
DISPATCH kind=Cpu cpu_running=2 io_q=373 cpu_q=115 cpu%=100 busy=5
DISPATCH kind=Io cpu_running=2 io_q=375 cpu_q=117 cpu%=100 busy=5
DISPATCH kind=Io cpu_running=2 io_q=377 cpu_q=118 cpu%=100 busy=5
DISPATCH kind=Io cpu_running=1 io_q=376 cpu_q=118 cpu%=65 busy=4
DISPATCH kind=Cpu cpu_running=2 io_q=376 cpu_q=117 cpu%=100 busy=5
DISPATCH kind=Io cpu_running=1 io_q=375 cpu_q=117 cpu%=75 busy=5
DISPATCH kind=Cpu cpu_running=2 io_q=375 cpu_q=116 cpu%=100 busy=5
DISPATCH kind=Io cpu_running=2 io_q=374 cpu_q=116 cpu%=100 busy=5
DISPATCH kind=Io cpu_running=1 io_q=373 cpu_q=116 cpu%=65 busy=4
DISPATCH kind=Cpu cpu_running=2 io_q=373 cpu_q=115 cpu%=100 busy=5
DISPATCH kind=Io cpu_running=2 io_q=372 cpu_q=115 cpu%=100 busy=5
DISPATCH kind=Io cpu_running=1 io_q=371 cpu_q=115 cpu%=75 busy=5
DISPATCH kind=Cpu cpu_running=2 io_q=371 cpu_q=114 cpu%=100 busy=5
DISPATCH kind=Io cpu_running=1 io_q=370 cpu_q=114 cpu%=65 busy=4
DISPATCH kind=Cpu cpu_running=2 io_q=370 cpu_q=113 cpu%=100 busy=5
DISPATCH kind=Io cpu_running=2 io_q=369 cpu_q=113 cpu%=100 busy=5
DISPATCH kind=Io cpu_running=2 io_q=368 cpu_q=113 cpu%=100 busy=5
DISPATCH kind=Io cpu_running=1 io_q=367 cpu_q=113 cpu%=75 busy=5
DISPATCH kind=Cpu cpu_running=2 io_q=367 cpu_q=112 cpu%=100 busy=5
DISPATCH kind=Cpu cpu_running=2 io_q=367 cpu_q=111 cpu%=100 busy=5
DISPATCH kind=Io cpu_running=2 io_q=366 cpu_q=111 cpu%=100 busy=5
DISPATCH kind=Io cpu_running=2 io_q=365 cpu_q=111 cpu%=100 busy=5
DISPATCH kind=Io cpu_running=2 io_q=364 cpu_q=111 cpu%=100 busy=5
DISPATCH kind=Io cpu_running=0 io_q=363 cpu_q=111 cpu%=40 busy=4
DISPATCH kind=Cpu cpu_running=1 io_q=363 cpu_q=110 cpu%=75 busy=5
DISPATCH kind=Cpu cpu_running=2 io_q=363 cpu_q=109 cpu%=100 busy=5
DISPATCH kind=Io cpu_running=2 io_q=362 cpu_q=109 cpu%=100 busy=5
DISPATCH kind=Io cpu_running=2 io_q=361 cpu_q=109 cpu%=100 busy=5
DISPATCH kind=Io cpu_running=1 io_q=360 cpu_q=109 cpu%=65 busy=4
DISPATCH kind=Cpu cpu_running=2 io_q=360 cpu_q=108 cpu%=100 busy=5
DISPATCH kind=Io cpu_running=1 io_q=359 cpu_q=108 cpu%=75 busy=5
DISPATCH kind=Cpu cpu_running=2 io_q=359 cpu_q=107 cpu%=100 busy=5
DISPATCH kind=Io cpu_running=2 io_q=358 cpu_q=107 cpu%=100 busy=5
DISPATCH kind=Io cpu_running=1 io_q=357 cpu_q=107 cpu%=65 busy=4
DISPATCH kind=Cpu cpu_running=2 io_q=357 cpu_q=106 cpu%=100 busy=5
DISPATCH kind=Io cpu_running=2 io_q=356 cpu_q=106 cpu%=100 busy=5
DISPATCH kind=Io cpu_running=1 io_q=355 cpu_q=106 cpu%=75 busy=5
DISPATCH kind=Cpu cpu_running=2 io_q=355 cpu_q=105 cpu%=100 busy=5
DISPATCH kind=Io cpu_running=1 io_q=354 cpu_q=105 cpu%=65 busy=4
DISPATCH kind=Cpu cpu_running=2 io_q=354 cpu_q=104 cpu%=100 busy=5
DISPATCH kind=Io cpu_running=2 io_q=353 cpu_q=104 cpu%=100 busy=5
DISPATCH kind=Io cpu_running=2 io_q=352 cpu_q=104 cpu%=100 busy=5
DISPATCH kind=Io cpu_running=1 io_q=351 cpu_q=104 cpu%=75 busy=5
DISPATCH kind=Cpu cpu_running=1 io_q=351 cpu_q=103 cpu%=65 busy=4
DISPATCH kind=Cpu cpu_running=2 io_q=351 cpu_q=102 cpu%=100 busy=5
DISPATCH kind=Io cpu_running=2 io_q=350 cpu_q=102 cpu%=100 busy=5
DISPATCH kind=Io cpu_running=2 io_q=349 cpu_q=102 cpu%=100 busy=5
DISPATCH kind=Io cpu_running=2 io_q=348 cpu_q=102 cpu%=100 busy=5
DISPATCH kind=Io cpu_running=0 io_q=347 cpu_q=102 cpu%=40 busy=4
DISPATCH kind=Cpu cpu_running=1 io_q=347 cpu_q=101 cpu%=75 busy=5
DISPATCH kind=Cpu cpu_running=2 io_q=347 cpu_q=100 cpu%=100 busy=5
DISPATCH kind=Io cpu_running=2 io_q=346 cpu_q=100 cpu%=100 busy=5
DISPATCH kind=Io cpu_running=2 io_q=345 cpu_q=100 cpu%=100 busy=5
DISPATCH kind=Io cpu_running=1 io_q=344 cpu_q=100 cpu%=65 busy=4
DISPATCH kind=Cpu cpu_running=2 io_q=344 cpu_q=99 cpu%=100 busy=5
DISPATCH kind=Io cpu_running=1 io_q=343 cpu_q=99 cpu%=75 busy=5
DISPATCH kind=Cpu cpu_running=2 io_q=343 cpu_q=98 cpu%=100 busy=5
DISPATCH kind=Io cpu_running=2 io_q=342 cpu_q=98 cpu%=100 busy=5
DISPATCH kind=Io cpu_running=1 io_q=341 cpu_q=98 cpu%=65 busy=4
DISPATCH kind=Cpu cpu_running=2 io_q=341 cpu_q=97 cpu%=100 busy=5
DISPATCH kind=Io cpu_running=2 io_q=340 cpu_q=97 cpu%=100 busy=5
DISPATCH kind=Io cpu_running=1 io_q=339 cpu_q=97 cpu%=75 busy=5
DISPATCH kind=Cpu cpu_running=2 io_q=339 cpu_q=96 cpu%=100 busy=5
DISPATCH kind=Io cpu_running=1 io_q=338 cpu_q=96 cpu%=65 busy=4
DISPATCH kind=Cpu cpu_running=2 io_q=338 cpu_q=95 cpu%=100 busy=5
DISPATCH kind=Io cpu_running=2 io_q=337 cpu_q=95 cpu%=100 busy=5
DISPATCH kind=Io cpu_running=2 io_q=336 cpu_q=95 cpu%=100 busy=5
DISPATCH kind=Io cpu_running=1 io_q=335 cpu_q=95 cpu%=75 busy=5
DISPATCH kind=Cpu cpu_running=2 io_q=335 cpu_q=94 cpu%=100 busy=5
DISPATCH kind=Io cpu_running=1 io_q=334 cpu_q=94 cpu%=75 busy=5
DISPATCH kind=Cpu cpu_running=2 io_q=334 cpu_q=93 cpu%=100 busy=5
DISPATCH kind=Io cpu_running=2 io_q=333 cpu_q=93 cpu%=100 busy=5
DISPATCH kind=Io cpu_running=2 io_q=332 cpu_q=93 cpu%=100 busy=5
DISPATCH kind=Io cpu_running=1 io_q=331 cpu_q=93 cpu%=75 busy=5
DISPATCH kind=Cpu cpu_running=2 io_q=331 cpu_q=92 cpu%=100 busy=5
DISPATCH kind=Io cpu_running=1 io_q=330 cpu_q=92 cpu%=75 busy=5
DISPATCH kind=Cpu cpu_running=2 io_q=330 cpu_q=91 cpu%=100 busy=5
DISPATCH kind=Io cpu_running=1 io_q=329 cpu_q=91 cpu%=55 busy=3
DISPATCH kind=Cpu cpu_running=2 io_q=329 cpu_q=90 cpu%=90 busy=4
DISPATCH kind=Io cpu_running=2 io_q=328 cpu_q=90 cpu%=100 busy=5
DISPATCH kind=Io cpu_running=2 io_q=327 cpu_q=90 cpu%=100 busy=5
DISPATCH kind=Io cpu_running=1 io_q=326 cpu_q=90 cpu%=75 busy=5
DISPATCH kind=Cpu cpu_running=2 io_q=326 cpu_q=89 cpu%=100 busy=5
DISPATCH kind=Cpu cpu_running=2 io_q=326 cpu_q=88 cpu%=90 busy=4
DISPATCH kind=Io cpu_running=2 io_q=325 cpu_q=88 cpu%=100 busy=5
DISPATCH kind=Io cpu_running=2 io_q=324 cpu_q=88 cpu%=100 busy=5
DISPATCH kind=Io cpu_running=2 io_q=323 cpu_q=88 cpu%=100 busy=5
DISPATCH kind=Io cpu_running=0 io_q=322 cpu_q=88 cpu%=30 busy=3
DISPATCH kind=Cpu cpu_running=1 io_q=322 cpu_q=87 cpu%=65 busy=4
DISPATCH kind=Cpu cpu_running=2 io_q=322 cpu_q=86 cpu%=100 busy=5
DISPATCH kind=Io cpu_running=2 io_q=321 cpu_q=86 cpu%=100 busy=5
DISPATCH kind=Io cpu_running=2 io_q=320 cpu_q=86 cpu%=100 busy=5
DISPATCH kind=Io cpu_running=1 io_q=319 cpu_q=86 cpu%=65 busy=4
DISPATCH kind=Cpu cpu_running=1 io_q=319 cpu_q=85 cpu%=65 busy=4
DISPATCH kind=Cpu cpu_running=2 io_q=319 cpu_q=84 cpu%=100 busy=5
DISPATCH kind=Io cpu_running=2 io_q=318 cpu_q=84 cpu%=100 busy=5
DISPATCH kind=Io cpu_running=2 io_q=317 cpu_q=84 cpu%=100 busy=5
DISPATCH kind=Io cpu_running=0 io_q=316 cpu_q=84 cpu%=30 busy=3
DISPATCH kind=Cpu cpu_running=1 io_q=316 cpu_q=83 cpu%=65 busy=4
DISPATCH kind=Cpu cpu_running=2 io_q=316 cpu_q=82 cpu%=100 busy=5
DISPATCH kind=Io cpu_running=2 io_q=315 cpu_q=82 cpu%=100 busy=5
DISPATCH kind=Io cpu_running=2 io_q=314 cpu_q=82 cpu%=100 busy=5
DISPATCH kind=Io cpu_running=1 io_q=313 cpu_q=82 cpu%=65 busy=4
DISPATCH kind=Cpu cpu_running=1 io_q=313 cpu_q=81 cpu%=65 busy=4
DISPATCH kind=Cpu cpu_running=2 io_q=313 cpu_q=80 cpu%=100 busy=5
DISPATCH kind=Io cpu_running=2 io_q=312 cpu_q=80 cpu%=100 busy=5
DISPATCH kind=Io cpu_running=2 io_q=311 cpu_q=80 cpu%=100 busy=5
DISPATCH kind=Io cpu_running=0 io_q=310 cpu_q=80 cpu%=30 busy=3
DISPATCH kind=Cpu cpu_running=1 io_q=310 cpu_q=79 cpu%=65 busy=4
DISPATCH kind=Cpu cpu_running=2 io_q=310 cpu_q=78 cpu%=100 busy=5
DISPATCH kind=Io cpu_running=2 io_q=309 cpu_q=78 cpu%=100 busy=5
DISPATCH kind=Io cpu_running=2 io_q=308 cpu_q=78 cpu%=100 busy=5
DISPATCH kind=Io cpu_running=0 io_q=307 cpu_q=78 cpu%=30 busy=3
DISPATCH kind=Cpu cpu_running=1 io_q=307 cpu_q=77 cpu%=65 busy=4
DISPATCH kind=Cpu cpu_running=2 io_q=307 cpu_q=76 cpu%=100 busy=5
DISPATCH kind=Io cpu_running=2 io_q=306 cpu_q=76 cpu%=100 busy=5
DISPATCH kind=Io cpu_running=2 io_q=305 cpu_q=76 cpu%=100 busy=5
DISPATCH kind=Io cpu_running=0 io_q=304 cpu_q=76 cpu%=30 busy=3
DISPATCH kind=Cpu cpu_running=1 io_q=304 cpu_q=75 cpu%=65 busy=4
DISPATCH kind=Cpu cpu_running=2 io_q=304 cpu_q=74 cpu%=100 busy=5
DISPATCH kind=Io cpu_running=2 io_q=303 cpu_q=74 cpu%=100 busy=5
DISPATCH kind=Io cpu_running=2 io_q=302 cpu_q=74 cpu%=100 busy=5
DISPATCH kind=Io cpu_running=1 io_q=301 cpu_q=74 cpu%=75 busy=5
DISPATCH kind=Cpu cpu_running=1 io_q=301 cpu_q=73 cpu%=65 busy=4
DISPATCH kind=Cpu cpu_running=2 io_q=301 cpu_q=72 cpu%=100 busy=5
DISPATCH kind=Io cpu_running=2 io_q=300 cpu_q=72 cpu%=100 busy=5
DISPATCH kind=Io cpu_running=2 io_q=299 cpu_q=72 cpu%=100 busy=5
DISPATCH kind=Io cpu_running=1 io_q=298 cpu_q=72 cpu%=65 busy=4
DISPATCH kind=Cpu cpu_running=1 io_q=298 cpu_q=71 cpu%=65 busy=4
DISPATCH kind=Cpu cpu_running=2 io_q=298 cpu_q=70 cpu%=100 busy=5
DISPATCH kind=Io cpu_running=2 io_q=297 cpu_q=70 cpu%=100 busy=5
DISPATCH kind=Io cpu_running=2 io_q=296 cpu_q=70 cpu%=100 busy=5
DISPATCH kind=Io cpu_running=0 io_q=295 cpu_q=70 cpu%=30 busy=3
DISPATCH kind=Cpu cpu_running=1 io_q=295 cpu_q=69 cpu%=65 busy=4
DISPATCH kind=Cpu cpu_running=2 io_q=295 cpu_q=68 cpu%=100 busy=5
DISPATCH kind=Io cpu_running=2 io_q=294 cpu_q=68 cpu%=100 busy=5
DISPATCH kind=Io cpu_running=2 io_q=293 cpu_q=68 cpu%=100 busy=5
DISPATCH kind=Io cpu_running=1 io_q=292 cpu_q=68 cpu%=65 busy=4
DISPATCH kind=Cpu cpu_running=1 io_q=292 cpu_q=67 cpu%=65 busy=4
DISPATCH kind=Cpu cpu_running=2 io_q=292 cpu_q=66 cpu%=100 busy=5
DISPATCH kind=Io cpu_running=2 io_q=291 cpu_q=66 cpu%=100 busy=5
DISPATCH kind=Io cpu_running=2 io_q=290 cpu_q=66 cpu%=100 busy=5
DISPATCH kind=Io cpu_running=0 io_q=289 cpu_q=66 cpu%=30 busy=3
DISPATCH kind=Cpu cpu_running=1 io_q=289 cpu_q=65 cpu%=65 busy=4
DISPATCH kind=Cpu cpu_running=2 io_q=289 cpu_q=64 cpu%=100 busy=5
DISPATCH kind=Io cpu_running=2 io_q=288 cpu_q=64 cpu%=100 busy=5
DISPATCH kind=Io cpu_running=2 io_q=287 cpu_q=64 cpu%=100 busy=5
DISPATCH kind=Io cpu_running=0 io_q=286 cpu_q=64 cpu%=30 busy=3
DISPATCH kind=Cpu cpu_running=1 io_q=286 cpu_q=63 cpu%=65 busy=4
DISPATCH kind=Cpu cpu_running=2 io_q=286 cpu_q=62 cpu%=100 busy=5
DISPATCH kind=Io cpu_running=2 io_q=285 cpu_q=62 cpu%=100 busy=5
DISPATCH kind=Io cpu_running=2 io_q=284 cpu_q=62 cpu%=100 busy=5
DISPATCH kind=Io cpu_running=0 io_q=283 cpu_q=62 cpu%=30 busy=3
DISPATCH kind=Cpu cpu_running=1 io_q=283 cpu_q=61 cpu%=65 busy=4
DISPATCH kind=Cpu cpu_running=2 io_q=283 cpu_q=60 cpu%=100 busy=5
DISPATCH kind=Io cpu_running=2 io_q=282 cpu_q=60 cpu%=100 busy=5
DISPATCH kind=Io cpu_running=2 io_q=281 cpu_q=60 cpu%=100 busy=5
DISPATCH kind=Io cpu_running=0 io_q=280 cpu_q=60 cpu%=30 busy=3
DISPATCH kind=Cpu cpu_running=1 io_q=280 cpu_q=59 cpu%=65 busy=4
DISPATCH kind=Cpu cpu_running=2 io_q=280 cpu_q=58 cpu%=100 busy=5
DISPATCH kind=Io cpu_running=2 io_q=279 cpu_q=58 cpu%=100 busy=5
DISPATCH kind=Io cpu_running=2 io_q=278 cpu_q=58 cpu%=100 busy=5
DISPATCH kind=Io cpu_running=0 io_q=277 cpu_q=58 cpu%=30 busy=3
DISPATCH kind=Cpu cpu_running=1 io_q=277 cpu_q=57 cpu%=65 busy=4
DISPATCH kind=Cpu cpu_running=2 io_q=277 cpu_q=56 cpu%=100 busy=5
DISPATCH kind=Io cpu_running=2 io_q=276 cpu_q=56 cpu%=100 busy=5
DISPATCH kind=Io cpu_running=2 io_q=275 cpu_q=56 cpu%=100 busy=5
DISPATCH kind=Io cpu_running=0 io_q=274 cpu_q=56 cpu%=40 busy=4
DISPATCH kind=Cpu cpu_running=1 io_q=274 cpu_q=55 cpu%=65 busy=4
DISPATCH kind=Cpu cpu_running=2 io_q=274 cpu_q=54 cpu%=100 busy=5
DISPATCH kind=Io cpu_running=2 io_q=273 cpu_q=54 cpu%=100 busy=5
DISPATCH kind=Io cpu_running=2 io_q=272 cpu_q=54 cpu%=100 busy=5
DISPATCH kind=Io cpu_running=0 io_q=271 cpu_q=54 cpu%=30 busy=3
DISPATCH kind=Cpu cpu_running=1 io_q=271 cpu_q=53 cpu%=65 busy=4
DISPATCH kind=Io cpu_running=1 io_q=270 cpu_q=53 cpu%=75 busy=5
DISPATCH kind=Io cpu_running=1 io_q=269 cpu_q=53 cpu%=85 busy=6
DISPATCH kind=Io cpu_running=1 io_q=268 cpu_q=53 cpu%=95 busy=7
DISPATCH kind=Io cpu_running=1 io_q=267 cpu_q=53 cpu%=95 busy=7
DISPATCH kind=Io cpu_running=1 io_q=266 cpu_q=53 cpu%=95 busy=7
DISPATCH kind=Io cpu_running=1 io_q=265 cpu_q=53 cpu%=95 busy=7
DISPATCH kind=Io cpu_running=0 io_q=264 cpu_q=53 cpu%=50 busy=5
DISPATCH kind=Cpu cpu_running=1 io_q=264 cpu_q=52 cpu%=75 busy=5
DISPATCH kind=Io cpu_running=1 io_q=263 cpu_q=52 cpu%=85 busy=6
DISPATCH kind=Io cpu_running=1 io_q=262 cpu_q=52 cpu%=95 busy=7
DISPATCH kind=Io cpu_running=1 io_q=261 cpu_q=52 cpu%=95 busy=7
DISPATCH kind=Io cpu_running=1 io_q=260 cpu_q=52 cpu%=95 busy=7
DISPATCH kind=Io cpu_running=1 io_q=259 cpu_q=52 cpu%=95 busy=7
DISPATCH kind=Cpu cpu_running=1 io_q=259 cpu_q=51 cpu%=65 busy=4
DISPATCH kind=Io cpu_running=1 io_q=258 cpu_q=51 cpu%=75 busy=5
DISPATCH kind=Io cpu_running=1 io_q=257 cpu_q=51 cpu%=85 busy=6
DISPATCH kind=Io cpu_running=1 io_q=256 cpu_q=51 cpu%=95 busy=7
DISPATCH kind=Io cpu_running=1 io_q=255 cpu_q=51 cpu%=95 busy=7
DISPATCH kind=Io cpu_running=1 io_q=254 cpu_q=51 cpu%=95 busy=7
DISPATCH kind=Cpu cpu_running=1 io_q=254 cpu_q=50 cpu%=65 busy=4
DISPATCH kind=Io cpu_running=1 io_q=253 cpu_q=50 cpu%=65 busy=4
DISPATCH kind=Io cpu_running=1 io_q=252 cpu_q=50 cpu%=75 busy=5
DISPATCH kind=Io cpu_running=1 io_q=251 cpu_q=50 cpu%=85 busy=6
DISPATCH kind=Io cpu_running=1 io_q=250 cpu_q=50 cpu%=95 busy=7
DISPATCH kind=Io cpu_running=1 io_q=249 cpu_q=50 cpu%=95 busy=7
DISPATCH kind=Cpu cpu_running=1 io_q=249 cpu_q=49 cpu%=75 busy=5
DISPATCH kind=Io cpu_running=1 io_q=248 cpu_q=49 cpu%=55 busy=3
DISPATCH kind=Io cpu_running=1 io_q=247 cpu_q=49 cpu%=65 busy=4
DISPATCH kind=Io cpu_running=1 io_q=246 cpu_q=49 cpu%=75 busy=5
DISPATCH kind=Io cpu_running=1 io_q=245 cpu_q=49 cpu%=85 busy=6
DISPATCH kind=Io cpu_running=1 io_q=244 cpu_q=49 cpu%=95 busy=7
DISPATCH kind=Cpu cpu_running=1 io_q=244 cpu_q=48 cpu%=85 busy=6
DISPATCH kind=Io cpu_running=1 io_q=243 cpu_q=48 cpu%=95 busy=7
DISPATCH kind=Io cpu_running=1 io_q=242 cpu_q=48 cpu%=85 busy=6
DISPATCH kind=Io cpu_running=1 io_q=241 cpu_q=48 cpu%=85 busy=6
DISPATCH kind=Io cpu_running=1 io_q=240 cpu_q=48 cpu%=95 busy=7
DISPATCH kind=Io cpu_running=1 io_q=239 cpu_q=48 cpu%=85 busy=6
DISPATCH kind=Cpu cpu_running=1 io_q=239 cpu_q=47 cpu%=75 busy=5
DISPATCH kind=Io cpu_running=1 io_q=238 cpu_q=47 cpu%=85 busy=6
DISPATCH kind=Io cpu_running=1 io_q=237 cpu_q=47 cpu%=95 busy=7
DISPATCH kind=Io cpu_running=1 io_q=236 cpu_q=47 cpu%=75 busy=5
DISPATCH kind=Io cpu_running=1 io_q=235 cpu_q=47 cpu%=85 busy=6
DISPATCH kind=Io cpu_running=1 io_q=234 cpu_q=47 cpu%=95 busy=7
DISPATCH kind=Cpu cpu_running=1 io_q=234 cpu_q=46 cpu%=85 busy=6
DISPATCH kind=Io cpu_running=1 io_q=233 cpu_q=46 cpu%=95 busy=7
DISPATCH kind=Io cpu_running=1 io_q=232 cpu_q=46 cpu%=95 busy=7
DISPATCH kind=Io cpu_running=1 io_q=231 cpu_q=46 cpu%=65 busy=4
DISPATCH kind=Io cpu_running=1 io_q=230 cpu_q=46 cpu%=75 busy=5
DISPATCH kind=Io cpu_running=1 io_q=229 cpu_q=46 cpu%=85 busy=6
DISPATCH kind=Cpu cpu_running=1 io_q=229 cpu_q=45 cpu%=85 busy=6
DISPATCH kind=Io cpu_running=1 io_q=228 cpu_q=45 cpu%=95 busy=7
DISPATCH kind=Io cpu_running=1 io_q=227 cpu_q=45 cpu%=85 busy=6
DISPATCH kind=Io cpu_running=1 io_q=226 cpu_q=45 cpu%=95 busy=7
DISPATCH kind=Io cpu_running=1 io_q=225 cpu_q=45 cpu%=85 busy=6
DISPATCH kind=Io cpu_running=1 io_q=224 cpu_q=45 cpu%=95 busy=7
DISPATCH kind=Cpu cpu_running=2 io_q=224 cpu_q=44 cpu%=100 busy=5
DISPATCH kind=Io cpu_running=1 io_q=223 cpu_q=44 cpu%=55 busy=3
DISPATCH kind=Io cpu_running=1 io_q=222 cpu_q=44 cpu%=55 busy=3
DISPATCH kind=Io cpu_running=1 io_q=221 cpu_q=44 cpu%=65 busy=4
DISPATCH kind=Io cpu_running=1 io_q=220 cpu_q=44 cpu%=75 busy=5
DISPATCH kind=Io cpu_running=1 io_q=219 cpu_q=44 cpu%=85 busy=6
DISPATCH kind=Cpu cpu_running=1 io_q=219 cpu_q=43 cpu%=65 busy=4
DISPATCH kind=Io cpu_running=1 io_q=218 cpu_q=43 cpu%=75 busy=5
DISPATCH kind=Io cpu_running=1 io_q=217 cpu_q=43 cpu%=85 busy=6
DISPATCH kind=Io cpu_running=1 io_q=216 cpu_q=43 cpu%=95 busy=7
DISPATCH kind=Io cpu_running=1 io_q=215 cpu_q=43 cpu%=85 busy=6
DISPATCH kind=Io cpu_running=1 io_q=214 cpu_q=43 cpu%=85 busy=6
DISPATCH kind=Cpu cpu_running=2 io_q=214 cpu_q=42 cpu%=90 busy=4
DISPATCH kind=Io cpu_running=2 io_q=213 cpu_q=42 cpu%=100 busy=5
DISPATCH kind=Io cpu_running=1 io_q=212 cpu_q=42 cpu%=75 busy=5
DISPATCH kind=Io cpu_running=1 io_q=211 cpu_q=42 cpu%=85 busy=6
DISPATCH kind=Io cpu_running=1 io_q=210 cpu_q=42 cpu%=95 busy=7
DISPATCH kind=Io cpu_running=1 io_q=209 cpu_q=42 cpu%=95 busy=7
DISPATCH kind=Cpu cpu_running=1 io_q=209 cpu_q=41 cpu%=45 busy=2
DISPATCH kind=Io cpu_running=1 io_q=208 cpu_q=41 cpu%=55 busy=3
DISPATCH kind=Io cpu_running=1 io_q=207 cpu_q=41 cpu%=65 busy=4
DISPATCH kind=Io cpu_running=1 io_q=206 cpu_q=41 cpu%=75 busy=5
DISPATCH kind=Io cpu_running=1 io_q=205 cpu_q=41 cpu%=85 busy=6
DISPATCH kind=Io cpu_running=1 io_q=204 cpu_q=41 cpu%=95 busy=7
DISPATCH kind=Cpu cpu_running=1 io_q=204 cpu_q=40 cpu%=65 busy=4
DISPATCH kind=Io cpu_running=1 io_q=203 cpu_q=40 cpu%=55 busy=3
DISPATCH kind=Io cpu_running=1 io_q=202 cpu_q=40 cpu%=65 busy=4
DISPATCH kind=Io cpu_running=1 io_q=201 cpu_q=40 cpu%=65 busy=4
DISPATCH kind=Io cpu_running=1 io_q=200 cpu_q=40 cpu%=75 busy=5
DISPATCH kind=Io cpu_running=1 io_q=199 cpu_q=40 cpu%=85 busy=6
DISPATCH kind=Cpu cpu_running=1 io_q=199 cpu_q=39 cpu%=55 busy=3
DISPATCH kind=Io cpu_running=1 io_q=198 cpu_q=39 cpu%=55 busy=3
DISPATCH kind=Io cpu_running=1 io_q=197 cpu_q=39 cpu%=65 busy=4
DISPATCH kind=Io cpu_running=1 io_q=196 cpu_q=39 cpu%=75 busy=5
DISPATCH kind=Io cpu_running=1 io_q=195 cpu_q=39 cpu%=85 busy=6
DISPATCH kind=Io cpu_running=1 io_q=194 cpu_q=39 cpu%=95 busy=7
DISPATCH kind=Cpu cpu_running=1 io_q=194 cpu_q=38 cpu%=65 busy=4
DISPATCH kind=Io cpu_running=1 io_q=193 cpu_q=38 cpu%=45 busy=2
DISPATCH kind=Io cpu_running=1 io_q=192 cpu_q=38 cpu%=55 busy=3
DISPATCH kind=Io cpu_running=1 io_q=191 cpu_q=38 cpu%=65 busy=4
DISPATCH kind=Io cpu_running=1 io_q=190 cpu_q=38 cpu%=75 busy=5
DISPATCH kind=Io cpu_running=1 io_q=189 cpu_q=38 cpu%=85 busy=6
DISPATCH kind=Cpu cpu_running=1 io_q=189 cpu_q=37 cpu%=65 busy=4
DISPATCH kind=Io cpu_running=1 io_q=188 cpu_q=37 cpu%=45 busy=2
DISPATCH kind=Io cpu_running=1 io_q=187 cpu_q=37 cpu%=55 busy=3
DISPATCH kind=Io cpu_running=1 io_q=186 cpu_q=37 cpu%=65 busy=4
DISPATCH kind=Io cpu_running=1 io_q=185 cpu_q=37 cpu%=75 busy=5
DISPATCH kind=Io cpu_running=1 io_q=184 cpu_q=37 cpu%=85 busy=6
DISPATCH kind=Cpu cpu_running=2 io_q=184 cpu_q=36 cpu%=90 busy=4
DISPATCH kind=Io cpu_running=1 io_q=183 cpu_q=36 cpu%=55 busy=3
DISPATCH kind=Io cpu_running=1 io_q=182 cpu_q=36 cpu%=65 busy=4
DISPATCH kind=Io cpu_running=1 io_q=181 cpu_q=36 cpu%=75 busy=5
DISPATCH kind=Io cpu_running=1 io_q=180 cpu_q=36 cpu%=75 busy=5
DISPATCH kind=Io cpu_running=1 io_q=179 cpu_q=36 cpu%=85 busy=6
DISPATCH kind=Cpu cpu_running=1 io_q=179 cpu_q=35 cpu%=35 busy=1
DISPATCH kind=Io cpu_running=1 io_q=178 cpu_q=35 cpu%=45 busy=2
DISPATCH kind=Io cpu_running=1 io_q=177 cpu_q=35 cpu%=55 busy=3
DISPATCH kind=Io cpu_running=1 io_q=176 cpu_q=35 cpu%=65 busy=4
DISPATCH kind=Io cpu_running=1 io_q=175 cpu_q=35 cpu%=75 busy=5
DISPATCH kind=Io cpu_running=1 io_q=174 cpu_q=35 cpu%=85 busy=6
DISPATCH kind=Cpu cpu_running=1 io_q=174 cpu_q=34 cpu%=85 busy=6
DISPATCH kind=Io cpu_running=1 io_q=173 cpu_q=34 cpu%=45 busy=2
DISPATCH kind=Io cpu_running=1 io_q=172 cpu_q=34 cpu%=55 busy=3
DISPATCH kind=Io cpu_running=1 io_q=171 cpu_q=34 cpu%=65 busy=4
DISPATCH kind=Io cpu_running=1 io_q=170 cpu_q=34 cpu%=75 busy=5
DISPATCH kind=Io cpu_running=1 io_q=169 cpu_q=34 cpu%=85 busy=6
DISPATCH kind=Cpu cpu_running=1 io_q=169 cpu_q=33 cpu%=85 busy=6
DISPATCH kind=Io cpu_running=1 io_q=168 cpu_q=33 cpu%=95 busy=7
DISPATCH kind=Io cpu_running=1 io_q=167 cpu_q=33 cpu%=85 busy=6
DISPATCH kind=Io cpu_running=1 io_q=166 cpu_q=33 cpu%=85 busy=6
DISPATCH kind=Io cpu_running=1 io_q=165 cpu_q=33 cpu%=95 busy=7
DISPATCH kind=Io cpu_running=1 io_q=164 cpu_q=33 cpu%=95 busy=7
DISPATCH kind=Cpu cpu_running=1 io_q=164 cpu_q=32 cpu%=85 busy=6
DISPATCH kind=Io cpu_running=1 io_q=163 cpu_q=32 cpu%=95 busy=7
DISPATCH kind=Io cpu_running=1 io_q=162 cpu_q=32 cpu%=95 busy=7
DISPATCH kind=Io cpu_running=1 io_q=161 cpu_q=32 cpu%=95 busy=7
DISPATCH kind=Io cpu_running=1 io_q=160 cpu_q=32 cpu%=95 busy=7
DISPATCH kind=Io cpu_running=1 io_q=159 cpu_q=32 cpu%=85 busy=6
DISPATCH kind=Cpu cpu_running=1 io_q=159 cpu_q=31 cpu%=55 busy=3
DISPATCH kind=Io cpu_running=1 io_q=158 cpu_q=31 cpu%=65 busy=4
DISPATCH kind=Io cpu_running=1 io_q=157 cpu_q=31 cpu%=75 busy=5
DISPATCH kind=Io cpu_running=1 io_q=156 cpu_q=31 cpu%=85 busy=6
DISPATCH kind=Io cpu_running=1 io_q=155 cpu_q=31 cpu%=95 busy=7
DISPATCH kind=Io cpu_running=1 io_q=154 cpu_q=31 cpu%=95 busy=7
DISPATCH kind=Cpu cpu_running=2 io_q=154 cpu_q=30 cpu%=100 busy=5
DISPATCH kind=Io cpu_running=1 io_q=153 cpu_q=30 cpu%=55 busy=3
DISPATCH kind=Io cpu_running=1 io_q=152 cpu_q=30 cpu%=65 busy=4
DISPATCH kind=Io cpu_running=1 io_q=151 cpu_q=30 cpu%=75 busy=5
DISPATCH kind=Io cpu_running=1 io_q=150 cpu_q=30 cpu%=85 busy=6
DISPATCH kind=Io cpu_running=1 io_q=149 cpu_q=30 cpu%=95 busy=7
DISPATCH kind=Cpu cpu_running=1 io_q=149 cpu_q=29 cpu%=55 busy=3
DISPATCH kind=Io cpu_running=1 io_q=148 cpu_q=29 cpu%=65 busy=4
DISPATCH kind=Io cpu_running=1 io_q=147 cpu_q=29 cpu%=75 busy=5
DISPATCH kind=Io cpu_running=1 io_q=146 cpu_q=29 cpu%=85 busy=6
DISPATCH kind=Io cpu_running=1 io_q=145 cpu_q=29 cpu%=95 busy=7
DISPATCH kind=Io cpu_running=1 io_q=144 cpu_q=29 cpu%=85 busy=6
DISPATCH kind=Cpu cpu_running=1 io_q=144 cpu_q=28 cpu%=65 busy=4
DISPATCH kind=Io cpu_running=1 io_q=143 cpu_q=28 cpu%=45 busy=2
DISPATCH kind=Io cpu_running=1 io_q=142 cpu_q=28 cpu%=55 busy=3
DISPATCH kind=Io cpu_running=1 io_q=141 cpu_q=28 cpu%=65 busy=4
DISPATCH kind=Io cpu_running=1 io_q=140 cpu_q=28 cpu%=75 busy=5
DISPATCH kind=Io cpu_running=1 io_q=139 cpu_q=28 cpu%=85 busy=6
DISPATCH kind=Cpu cpu_running=1 io_q=139 cpu_q=27 cpu%=85 busy=6
DISPATCH kind=Io cpu_running=1 io_q=138 cpu_q=27 cpu%=45 busy=2
DISPATCH kind=Io cpu_running=1 io_q=137 cpu_q=27 cpu%=55 busy=3
DISPATCH kind=Io cpu_running=1 io_q=136 cpu_q=27 cpu%=65 busy=4
DISPATCH kind=Io cpu_running=1 io_q=135 cpu_q=27 cpu%=75 busy=5
DISPATCH kind=Io cpu_running=1 io_q=134 cpu_q=27 cpu%=85 busy=6
DISPATCH kind=Cpu cpu_running=2 io_q=134 cpu_q=26 cpu%=90 busy=4
DISPATCH kind=Io cpu_running=1 io_q=133 cpu_q=26 cpu%=45 busy=2
DISPATCH kind=Io cpu_running=1 io_q=132 cpu_q=26 cpu%=55 busy=3
DISPATCH kind=Io cpu_running=1 io_q=131 cpu_q=26 cpu%=65 busy=4
DISPATCH kind=Io cpu_running=1 io_q=130 cpu_q=26 cpu%=75 busy=5
DISPATCH kind=Io cpu_running=1 io_q=129 cpu_q=26 cpu%=85 busy=6
DISPATCH kind=Cpu cpu_running=2 io_q=129 cpu_q=25 cpu%=90 busy=4
DISPATCH kind=Io cpu_running=1 io_q=128 cpu_q=25 cpu%=55 busy=3
DISPATCH kind=Io cpu_running=1 io_q=127 cpu_q=25 cpu%=65 busy=4
DISPATCH kind=Io cpu_running=1 io_q=126 cpu_q=25 cpu%=75 busy=5
DISPATCH kind=Io cpu_running=1 io_q=125 cpu_q=25 cpu%=85 busy=6
DISPATCH kind=Io cpu_running=1 io_q=124 cpu_q=25 cpu%=85 busy=6
DISPATCH kind=Cpu cpu_running=1 io_q=124 cpu_q=24 cpu%=65 busy=4
DISPATCH kind=Io cpu_running=1 io_q=123 cpu_q=24 cpu%=55 busy=3
DISPATCH kind=Io cpu_running=1 io_q=122 cpu_q=24 cpu%=65 busy=4
DISPATCH kind=Io cpu_running=1 io_q=121 cpu_q=24 cpu%=75 busy=5
DISPATCH kind=Io cpu_running=1 io_q=120 cpu_q=24 cpu%=75 busy=5
DISPATCH kind=Io cpu_running=1 io_q=119 cpu_q=24 cpu%=85 busy=6
DISPATCH kind=Cpu cpu_running=2 io_q=119 cpu_q=23 cpu%=90 busy=4
DISPATCH kind=Io cpu_running=1 io_q=118 cpu_q=23 cpu%=55 busy=3
DISPATCH kind=Io cpu_running=1 io_q=117 cpu_q=23 cpu%=55 busy=3
DISPATCH kind=Io cpu_running=1 io_q=116 cpu_q=23 cpu%=65 busy=4
DISPATCH kind=Io cpu_running=1 io_q=115 cpu_q=23 cpu%=75 busy=5
DISPATCH kind=Io cpu_running=1 io_q=114 cpu_q=23 cpu%=85 busy=6
DISPATCH kind=Cpu cpu_running=1 io_q=114 cpu_q=22 cpu%=55 busy=3
DISPATCH kind=Io cpu_running=1 io_q=113 cpu_q=22 cpu%=55 busy=3
DISPATCH kind=Io cpu_running=1 io_q=112 cpu_q=22 cpu%=65 busy=4
DISPATCH kind=Io cpu_running=1 io_q=111 cpu_q=22 cpu%=75 busy=5
DISPATCH kind=Io cpu_running=1 io_q=110 cpu_q=22 cpu%=85 busy=6
DISPATCH kind=Io cpu_running=1 io_q=109 cpu_q=22 cpu%=95 busy=7
DISPATCH kind=Cpu cpu_running=1 io_q=109 cpu_q=21 cpu%=55 busy=3
DISPATCH kind=Io cpu_running=1 io_q=108 cpu_q=21 cpu%=45 busy=2
DISPATCH kind=Io cpu_running=1 io_q=107 cpu_q=21 cpu%=55 busy=3
DISPATCH kind=Io cpu_running=1 io_q=106 cpu_q=21 cpu%=65 busy=4
DISPATCH kind=Io cpu_running=1 io_q=105 cpu_q=21 cpu%=75 busy=5
DISPATCH kind=Io cpu_running=1 io_q=104 cpu_q=21 cpu%=85 busy=6
DISPATCH kind=Cpu cpu_running=1 io_q=104 cpu_q=20 cpu%=65 busy=4
DISPATCH kind=Io cpu_running=1 io_q=103 cpu_q=20 cpu%=65 busy=4
DISPATCH kind=Io cpu_running=1 io_q=102 cpu_q=20 cpu%=75 busy=5
DISPATCH kind=Io cpu_running=1 io_q=101 cpu_q=20 cpu%=85 busy=6
DISPATCH kind=Io cpu_running=1 io_q=100 cpu_q=20 cpu%=95 busy=7
DISPATCH kind=Io cpu_running=1 io_q=99 cpu_q=20 cpu%=95 busy=7
DISPATCH kind=Cpu cpu_running=1 io_q=99 cpu_q=19 cpu%=75 busy=5
DISPATCH kind=Io cpu_running=1 io_q=98 cpu_q=19 cpu%=65 busy=4
DISPATCH kind=Io cpu_running=1 io_q=97 cpu_q=19 cpu%=75 busy=5
DISPATCH kind=Io cpu_running=1 io_q=96 cpu_q=19 cpu%=85 busy=6
DISPATCH kind=Io cpu_running=1 io_q=95 cpu_q=19 cpu%=85 busy=6
DISPATCH kind=Io cpu_running=1 io_q=94 cpu_q=19 cpu%=95 busy=7
DISPATCH kind=Cpu cpu_running=1 io_q=94 cpu_q=18 cpu%=35 busy=1
DISPATCH kind=Io cpu_running=1 io_q=93 cpu_q=18 cpu%=45 busy=2
DISPATCH kind=Io cpu_running=1 io_q=92 cpu_q=18 cpu%=55 busy=3
DISPATCH kind=Io cpu_running=1 io_q=91 cpu_q=18 cpu%=65 busy=4
DISPATCH kind=Io cpu_running=1 io_q=90 cpu_q=18 cpu%=75 busy=5
DISPATCH kind=Io cpu_running=1 io_q=89 cpu_q=18 cpu%=85 busy=6
DISPATCH kind=Cpu cpu_running=1 io_q=89 cpu_q=17 cpu%=45 busy=2
DISPATCH kind=Io cpu_running=1 io_q=88 cpu_q=17 cpu%=45 busy=2
DISPATCH kind=Io cpu_running=1 io_q=87 cpu_q=17 cpu%=55 busy=3
DISPATCH kind=Io cpu_running=1 io_q=86 cpu_q=17 cpu%=65 busy=4
DISPATCH kind=Io cpu_running=1 io_q=85 cpu_q=17 cpu%=75 busy=5
DISPATCH kind=Io cpu_running=1 io_q=84 cpu_q=17 cpu%=85 busy=6
DISPATCH kind=Cpu cpu_running=1 io_q=84 cpu_q=16 cpu%=65 busy=4
DISPATCH kind=Io cpu_running=1 io_q=83 cpu_q=16 cpu%=65 busy=4
DISPATCH kind=Io cpu_running=1 io_q=82 cpu_q=16 cpu%=65 busy=4
DISPATCH kind=Io cpu_running=1 io_q=81 cpu_q=16 cpu%=75 busy=5
DISPATCH kind=Io cpu_running=1 io_q=80 cpu_q=16 cpu%=85 busy=6
DISPATCH kind=Io cpu_running=1 io_q=79 cpu_q=16 cpu%=95 busy=7
DISPATCH kind=Cpu cpu_running=1 io_q=79 cpu_q=15 cpu%=85 busy=6
DISPATCH kind=Io cpu_running=1 io_q=78 cpu_q=15 cpu%=95 busy=7
DISPATCH kind=Io cpu_running=1 io_q=77 cpu_q=15 cpu%=95 busy=7
DISPATCH kind=Io cpu_running=1 io_q=76 cpu_q=15 cpu%=95 busy=7
DISPATCH kind=Io cpu_running=1 io_q=75 cpu_q=15 cpu%=95 busy=7
DISPATCH kind=Io cpu_running=1 io_q=74 cpu_q=15 cpu%=95 busy=7
DISPATCH kind=Cpu cpu_running=2 io_q=74 cpu_q=14 cpu%=90 busy=4
DISPATCH kind=Io cpu_running=2 io_q=73 cpu_q=14 cpu%=100 busy=5
DISPATCH kind=Io cpu_running=2 io_q=72 cpu_q=14 cpu%=100 busy=5
DISPATCH kind=Io cpu_running=2 io_q=71 cpu_q=14 cpu%=100 busy=5
DISPATCH kind=Io cpu_running=1 io_q=70 cpu_q=14 cpu%=75 busy=5
DISPATCH kind=Io cpu_running=1 io_q=69 cpu_q=14 cpu%=85 busy=6
DISPATCH kind=Cpu cpu_running=1 io_q=69 cpu_q=13 cpu%=35 busy=1
DISPATCH kind=Io cpu_running=1 io_q=68 cpu_q=13 cpu%=45 busy=2
DISPATCH kind=Io cpu_running=1 io_q=67 cpu_q=13 cpu%=55 busy=3
DISPATCH kind=Io cpu_running=1 io_q=66 cpu_q=13 cpu%=65 busy=4
DISPATCH kind=Io cpu_running=1 io_q=65 cpu_q=13 cpu%=75 busy=5
DISPATCH kind=Io cpu_running=1 io_q=64 cpu_q=13 cpu%=85 busy=6
DISPATCH kind=Cpu cpu_running=1 io_q=64 cpu_q=12 cpu%=85 busy=6
DISPATCH kind=Io cpu_running=1 io_q=63 cpu_q=12 cpu%=95 busy=7
DISPATCH kind=Io cpu_running=1 io_q=62 cpu_q=12 cpu%=85 busy=6
DISPATCH kind=Io cpu_running=1 io_q=61 cpu_q=12 cpu%=95 busy=7
DISPATCH kind=Io cpu_running=1 io_q=60 cpu_q=12 cpu%=85 busy=6
DISPATCH kind=Io cpu_running=1 io_q=59 cpu_q=12 cpu%=95 busy=7
DISPATCH kind=Cpu cpu_running=1 io_q=59 cpu_q=11 cpu%=75 busy=5
DISPATCH kind=Io cpu_running=1 io_q=58 cpu_q=11 cpu%=75 busy=5
DISPATCH kind=Io cpu_running=1 io_q=57 cpu_q=11 cpu%=85 busy=6
DISPATCH kind=Io cpu_running=1 io_q=56 cpu_q=11 cpu%=95 busy=7
DISPATCH kind=Io cpu_running=1 io_q=55 cpu_q=11 cpu%=95 busy=7
DISPATCH kind=Io cpu_running=1 io_q=54 cpu_q=11 cpu%=85 busy=6
DISPATCH kind=Cpu cpu_running=1 io_q=54 cpu_q=10 cpu%=85 busy=6
DISPATCH kind=Io cpu_running=1 io_q=53 cpu_q=10 cpu%=95 busy=7
DISPATCH kind=Io cpu_running=1 io_q=52 cpu_q=10 cpu%=65 busy=4
DISPATCH kind=Io cpu_running=1 io_q=51 cpu_q=10 cpu%=75 busy=5
DISPATCH kind=Io cpu_running=1 io_q=50 cpu_q=10 cpu%=85 busy=6
DISPATCH kind=Io cpu_running=1 io_q=49 cpu_q=10 cpu%=95 busy=7
DISPATCH kind=Cpu cpu_running=1 io_q=49 cpu_q=9 cpu%=85 busy=6
DISPATCH kind=Io cpu_running=1 io_q=48 cpu_q=9 cpu%=95 busy=7
DISPATCH kind=Io cpu_running=1 io_q=47 cpu_q=9 cpu%=85 busy=6
DISPATCH kind=Io cpu_running=1 io_q=46 cpu_q=9 cpu%=95 busy=7
DISPATCH kind=Io cpu_running=1 io_q=45 cpu_q=9 cpu%=75 busy=5
DISPATCH kind=Io cpu_running=1 io_q=44 cpu_q=9 cpu%=85 busy=6
DISPATCH kind=Cpu cpu_running=1 io_q=44 cpu_q=8 cpu%=75 busy=5
DISPATCH kind=Io cpu_running=1 io_q=43 cpu_q=8 cpu%=85 busy=6
DISPATCH kind=Io cpu_running=1 io_q=42 cpu_q=8 cpu%=95 busy=7
DISPATCH kind=Io cpu_running=1 io_q=41 cpu_q=8 cpu%=95 busy=7
DISPATCH kind=Io cpu_running=1 io_q=40 cpu_q=8 cpu%=95 busy=7
DISPATCH kind=Io cpu_running=1 io_q=39 cpu_q=8 cpu%=95 busy=7
DISPATCH kind=Cpu cpu_running=1 io_q=39 cpu_q=7 cpu%=65 busy=4
DISPATCH kind=Io cpu_running=1 io_q=38 cpu_q=7 cpu%=65 busy=4
DISPATCH kind=Io cpu_running=1 io_q=37 cpu_q=7 cpu%=75 busy=5
DISPATCH kind=Io cpu_running=1 io_q=36 cpu_q=7 cpu%=85 busy=6
DISPATCH kind=Io cpu_running=1 io_q=35 cpu_q=7 cpu%=85 busy=6
DISPATCH kind=Io cpu_running=1 io_q=34 cpu_q=7 cpu%=95 busy=7
DISPATCH kind=Cpu cpu_running=1 io_q=34 cpu_q=6 cpu%=65 busy=4
DISPATCH kind=Io cpu_running=1 io_q=33 cpu_q=6 cpu%=65 busy=4
DISPATCH kind=Io cpu_running=1 io_q=32 cpu_q=6 cpu%=65 busy=4
DISPATCH kind=Io cpu_running=1 io_q=31 cpu_q=6 cpu%=75 busy=5
DISPATCH kind=Io cpu_running=1 io_q=30 cpu_q=6 cpu%=85 busy=6
DISPATCH kind=Io cpu_running=1 io_q=29 cpu_q=6 cpu%=95 busy=7
DISPATCH kind=Cpu cpu_running=2 io_q=29 cpu_q=5 cpu%=100 busy=5
DISPATCH kind=Io cpu_running=1 io_q=28 cpu_q=5 cpu%=45 busy=2
DISPATCH kind=Io cpu_running=1 io_q=27 cpu_q=5 cpu%=55 busy=3
DISPATCH kind=Io cpu_running=1 io_q=26 cpu_q=5 cpu%=65 busy=4
DISPATCH kind=Io cpu_running=1 io_q=25 cpu_q=5 cpu%=75 busy=5
DISPATCH kind=Io cpu_running=1 io_q=24 cpu_q=5 cpu%=85 busy=6
DISPATCH kind=Cpu cpu_running=1 io_q=24 cpu_q=4 cpu%=35 busy=1
DISPATCH kind=Io cpu_running=1 io_q=23 cpu_q=4 cpu%=45 busy=2
DISPATCH kind=Io cpu_running=1 io_q=22 cpu_q=4 cpu%=55 busy=3
DISPATCH kind=Io cpu_running=1 io_q=21 cpu_q=4 cpu%=65 busy=4
DISPATCH kind=Io cpu_running=1 io_q=20 cpu_q=4 cpu%=75 busy=5
DISPATCH kind=Io cpu_running=1 io_q=19 cpu_q=4 cpu%=85 busy=6
DISPATCH kind=Cpu cpu_running=1 io_q=19 cpu_q=3 cpu%=85 busy=6
DISPATCH kind=Io cpu_running=1 io_q=18 cpu_q=3 cpu%=45 busy=2
DISPATCH kind=Io cpu_running=1 io_q=17 cpu_q=3 cpu%=55 busy=3
DISPATCH kind=Io cpu_running=1 io_q=16 cpu_q=3 cpu%=65 busy=4
DISPATCH kind=Io cpu_running=1 io_q=15 cpu_q=3 cpu%=75 busy=5
DISPATCH kind=Io cpu_running=1 io_q=14 cpu_q=3 cpu%=85 busy=6
DISPATCH kind=Cpu cpu_running=1 io_q=14 cpu_q=2 cpu%=65 busy=4
DISPATCH kind=Io cpu_running=1 io_q=13 cpu_q=2 cpu%=55 busy=3
DISPATCH kind=Io cpu_running=1 io_q=12 cpu_q=2 cpu%=65 busy=4
DISPATCH kind=Io cpu_running=1 io_q=11 cpu_q=2 cpu%=75 busy=5
DISPATCH kind=Io cpu_running=1 io_q=10 cpu_q=2 cpu%=85 busy=6
DISPATCH kind=Io cpu_running=1 io_q=9 cpu_q=2 cpu%=95 busy=7
DISPATCH kind=Cpu cpu_running=1 io_q=9 cpu_q=1 cpu%=55 busy=3
DISPATCH kind=Io cpu_running=1 io_q=8 cpu_q=1 cpu%=45 busy=2
DISPATCH kind=Io cpu_running=1 io_q=7 cpu_q=1 cpu%=55 busy=3
DISPATCH kind=Io cpu_running=1 io_q=6 cpu_q=1 cpu%=65 busy=4
DISPATCH kind=Io cpu_running=1 io_q=5 cpu_q=1 cpu%=75 busy=5
DISPATCH kind=Io cpu_running=1 io_q=4 cpu_q=1 cpu%=85 busy=6
DISPATCH kind=Cpu cpu_running=2 io_q=4 cpu_q=0 cpu%=90 busy=4
DISPATCH kind=Io cpu_running=1 io_q=3 cpu_q=0 cpu%=45 busy=2
DISPATCH kind=Io cpu_running=1 io_q=2 cpu_q=0 cpu%=55 busy=3
DISPATCH kind=Io cpu_running=1 io_q=1 cpu_q=0 cpu%=65 busy=4
DISPATCH kind=Io cpu_running=1 io_q=0 cpu_q=0 cpu%=75 busy=5

── results ──
total runtime         : 37736 ms
makespan              : 37726 ms
tasks completed       : 1000  (IO=708, CPU=292)
avg wait time         : 9431.16 ms
avg turnaround time   : 9631.25 ms
max wait time         : 17512 ms
avg CPU usage         : 91.81 %
avg workers active    : 5.31 / 8
monitor samples       : 3698
monitor csv           : monitor_log_option2.csv
